<?xml version="1.0" encoding="ISO-8859-1" ?>
<link_info>
   <banner>TMS320C2000 Linker PC v20.2.1.LTS</banner>
   <copyright>Copyright (c) 1996-2018 Texas Instruments Incorporated</copyright>
   <link_time>0x60195d96</link_time>
   <link_errors>0x0</link_errors>
   <output_file>UGent_Metabolische_Kamer.out</output_file>
   <entry_point>
      <name>_c_int00</name>
      <address>0x83f55</address>
   </entry_point>
   <input_file_list>
      <input_file id="fl-2">
         <path>.\</path>
         <kind>object</kind>
         <file>7segment.obj</file>
         <name>7segment.obj</name>
      </input_file>
      <input_file id="fl-3">
         <path>.\</path>
         <kind>object</kind>
         <file>main.obj</file>
         <name>main.obj</name>
      </input_file>
      <input_file id="fl-4">
         <path>.\Common\</path>
         <kind>object</kind>
         <file>F2837xD_Adc.obj</file>
         <name>F2837xD_Adc.obj</name>
      </input_file>
      <input_file id="fl-5">
         <path>.\Common\</path>
         <kind>object</kind>
         <file>F2837xD_CodeStartBranch.obj</file>
         <name>F2837xD_CodeStartBranch.obj</name>
      </input_file>
      <input_file id="fl-6">
         <path>.\Common\</path>
         <kind>object</kind>
         <file>F2837xD_CpuTimers.obj</file>
         <name>F2837xD_CpuTimers.obj</name>
      </input_file>
      <input_file id="fl-7">
         <path>.\Common\</path>
         <kind>object</kind>
         <file>F2837xD_DBGIER.obj</file>
         <name>F2837xD_DBGIER.obj</name>
      </input_file>
      <input_file id="fl-8">
         <path>.\Common\</path>
         <kind>object</kind>
         <file>F2837xD_DefaultISR.obj</file>
         <name>F2837xD_DefaultISR.obj</name>
      </input_file>
      <input_file id="fl-9">
         <path>.\Common\</path>
         <kind>object</kind>
         <file>F2837xD_Dma.obj</file>
         <name>F2837xD_Dma.obj</name>
      </input_file>
      <input_file id="fl-a">
         <path>.\Common\</path>
         <kind>object</kind>
         <file>F2837xD_ECap.obj</file>
         <name>F2837xD_ECap.obj</name>
      </input_file>
      <input_file id="fl-b">
         <path>.\Common\</path>
         <kind>object</kind>
         <file>F2837xD_EPwm.obj</file>
         <name>F2837xD_EPwm.obj</name>
      </input_file>
      <input_file id="fl-c">
         <path>.\Common\</path>
         <kind>object</kind>
         <file>F2837xD_EQep.obj</file>
         <name>F2837xD_EQep.obj</name>
      </input_file>
      <input_file id="fl-d">
         <path>.\Common\</path>
         <kind>object</kind>
         <file>F2837xD_Emif.obj</file>
         <name>F2837xD_Emif.obj</name>
      </input_file>
      <input_file id="fl-e">
         <path>.\Common\</path>
         <kind>object</kind>
         <file>F2837xD_Gpio.obj</file>
         <name>F2837xD_Gpio.obj</name>
      </input_file>
      <input_file id="fl-f">
         <path>.\Common\</path>
         <kind>object</kind>
         <file>F2837xD_I2C.obj</file>
         <name>F2837xD_I2C.obj</name>
      </input_file>
      <input_file id="fl-10">
         <path>.\Common\</path>
         <kind>object</kind>
         <file>F2837xD_Ipc.obj</file>
         <name>F2837xD_Ipc.obj</name>
      </input_file>
      <input_file id="fl-11">
         <path>.\Common\</path>
         <kind>object</kind>
         <file>F2837xD_Ipc_Driver.obj</file>
         <name>F2837xD_Ipc_Driver.obj</name>
      </input_file>
      <input_file id="fl-12">
         <path>.\Common\</path>
         <kind>object</kind>
         <file>F2837xD_Ipc_Driver_Lite.obj</file>
         <name>F2837xD_Ipc_Driver_Lite.obj</name>
      </input_file>
      <input_file id="fl-13">
         <path>.\Common\</path>
         <kind>object</kind>
         <file>F2837xD_Ipc_Driver_Util.obj</file>
         <name>F2837xD_Ipc_Driver_Util.obj</name>
      </input_file>
      <input_file id="fl-14">
         <path>.\Common\</path>
         <kind>object</kind>
         <file>F2837xD_Mcbsp.obj</file>
         <name>F2837xD_Mcbsp.obj</name>
      </input_file>
      <input_file id="fl-15">
         <path>.\Common\</path>
         <kind>object</kind>
         <file>F2837xD_PieCtrl.obj</file>
         <name>F2837xD_PieCtrl.obj</name>
      </input_file>
      <input_file id="fl-16">
         <path>.\Common\</path>
         <kind>object</kind>
         <file>F2837xD_PieVect.obj</file>
         <name>F2837xD_PieVect.obj</name>
      </input_file>
      <input_file id="fl-17">
         <path>.\Common\</path>
         <kind>object</kind>
         <file>F2837xD_Sci.obj</file>
         <name>F2837xD_Sci.obj</name>
      </input_file>
      <input_file id="fl-18">
         <path>.\Common\</path>
         <kind>object</kind>
         <file>F2837xD_Spi.obj</file>
         <name>F2837xD_Spi.obj</name>
      </input_file>
      <input_file id="fl-19">
         <path>.\Common\</path>
         <kind>object</kind>
         <file>F2837xD_SysCtrl.obj</file>
         <name>F2837xD_SysCtrl.obj</name>
      </input_file>
      <input_file id="fl-1a">
         <path>.\Common\</path>
         <kind>object</kind>
         <file>F2837xD_TempSensorConv.obj</file>
         <name>F2837xD_TempSensorConv.obj</name>
      </input_file>
      <input_file id="fl-1b">
         <path>.\Common\</path>
         <kind>object</kind>
         <file>F2837xD_Upp.obj</file>
         <name>F2837xD_Upp.obj</name>
      </input_file>
      <input_file id="fl-1c">
         <path>.\Common\</path>
         <kind>object</kind>
         <file>F2837xD_can.obj</file>
         <name>F2837xD_can.obj</name>
      </input_file>
      <input_file id="fl-1d">
         <path>.\Common\</path>
         <kind>object</kind>
         <file>F2837xD_sci_io.obj</file>
         <name>F2837xD_sci_io.obj</name>
      </input_file>
      <input_file id="fl-1e">
         <path>.\Common\</path>
         <kind>object</kind>
         <file>F2837xD_sdfm_drivers.obj</file>
         <name>F2837xD_sdfm_drivers.obj</name>
      </input_file>
      <input_file id="fl-1f">
         <path>.\Common\</path>
         <kind>object</kind>
         <file>F2837xD_struct.obj</file>
         <name>F2837xD_struct.obj</name>
      </input_file>
      <input_file id="fl-20">
         <path>.\Common\</path>
         <kind>object</kind>
         <file>F2837xD_usDelay.obj</file>
         <name>F2837xD_usDelay.obj</name>
      </input_file>
      <input_file id="fl-21">
         <path>.\Header\</path>
         <kind>object</kind>
         <file>F2837xD_GlobalVariableDefs.obj</file>
         <name>F2837xD_GlobalVariableDefs.obj</name>
      </input_file>
      <input_file id="fl-26">
         <kind>object</kind>
         <file>&lt;internal&gt;</file>
         <name>&lt;internal&gt;</name>
      </input_file>
      <input_file id="fl-32">
         <path>C:\ti\ccs1011\ccs\tools\compiler\ti-cgt-c2000_20.2.1.LTS\lib\</path>
         <kind>archive</kind>
         <file>rts2800_fpu32.lib</file>
         <name>sprintf.c.obj</name>
      </input_file>
      <input_file id="fl-33">
         <path>C:\ti\ccs1011\ccs\tools\compiler\ti-cgt-c2000_20.2.1.LTS\lib\</path>
         <kind>archive</kind>
         <file>rts2800_fpu32.lib</file>
         <name>boot28.asm.obj</name>
      </input_file>
      <input_file id="fl-34">
         <path>C:\ti\ccs1011\ccs\tools\compiler\ti-cgt-c2000_20.2.1.LTS\lib\</path>
         <kind>archive</kind>
         <file>rts2800_fpu32.lib</file>
         <name>fs_div28.asm.obj</name>
      </input_file>
      <input_file id="fl-35">
         <path>C:\ti\ccs1011\ccs\tools\compiler\ti-cgt-c2000_20.2.1.LTS\lib\</path>
         <kind>archive</kind>
         <file>rts2800_fpu32.lib</file>
         <name>ll_aox28.asm.obj</name>
      </input_file>
      <input_file id="fl-36">
         <path>C:\ti\ccs1011\ccs\tools\compiler\ti-cgt-c2000_20.2.1.LTS\lib\</path>
         <kind>archive</kind>
         <file>rts2800_fpu32.lib</file>
         <name>cpy_tbl.c.obj</name>
      </input_file>
      <input_file id="fl-37">
         <path>C:\ti\ccs1011\ccs\tools\compiler\ti-cgt-c2000_20.2.1.LTS\lib\</path>
         <kind>archive</kind>
         <file>rts2800_fpu32.lib</file>
         <name>memcpy.c.obj</name>
      </input_file>
      <input_file id="fl-38">
         <path>C:\ti\ccs1011\ccs\tools\compiler\ti-cgt-c2000_20.2.1.LTS\lib\</path>
         <kind>archive</kind>
         <file>rts2800_fpu32.lib</file>
         <name>pre_init.c.obj</name>
      </input_file>
      <input_file id="fl-39">
         <path>C:\ti\ccs1011\ccs\tools\compiler\ti-cgt-c2000_20.2.1.LTS\lib\</path>
         <kind>archive</kind>
         <file>rts2800_fpu32.lib</file>
         <name>startup.c.obj</name>
      </input_file>
      <input_file id="fl-3a">
         <path>C:\ti\ccs1011\ccs\tools\compiler\ti-cgt-c2000_20.2.1.LTS\lib\</path>
         <kind>archive</kind>
         <file>rts2800_fpu32.lib</file>
         <name>exit.c.obj</name>
      </input_file>
      <input_file id="fl-3b">
         <path>C:\ti\ccs1011\ccs\tools\compiler\ti-cgt-c2000_20.2.1.LTS\lib\</path>
         <kind>archive</kind>
         <file>rts2800_fpu32.lib</file>
         <name>_lock.c.obj</name>
      </input_file>
      <input_file id="fl-3c">
         <path>C:\ti\ccs1011\ccs\tools\compiler\ti-cgt-c2000_20.2.1.LTS\lib\</path>
         <kind>archive</kind>
         <file>rts2800_fpu32.lib</file>
         <name>args_main.c.obj</name>
      </input_file>
      <input_file id="fl-3d">
         <path>C:\ti\ccs1011\ccs\tools\compiler\ti-cgt-c2000_20.2.1.LTS\lib\</path>
         <kind>archive</kind>
         <file>rts2800_fpu32.lib</file>
         <name>ltoa.c.obj</name>
      </input_file>
      <input_file id="fl-3e">
         <path>C:\ti\ccs1011\ccs\tools\compiler\ti-cgt-c2000_20.2.1.LTS\lib\</path>
         <kind>archive</kind>
         <file>rts2800_fpu32.lib</file>
         <name>memset.c.obj</name>
      </input_file>
      <input_file id="fl-3f">
         <path>C:\ti\ccs1011\ccs\tools\compiler\ti-cgt-c2000_20.2.1.LTS\lib\</path>
         <kind>archive</kind>
         <file>rts2800_fpu32.lib</file>
         <name>strcpy.c.obj</name>
      </input_file>
      <input_file id="fl-40">
         <path>C:\ti\ccs1011\ccs\tools\compiler\ti-cgt-c2000_20.2.1.LTS\lib\</path>
         <kind>archive</kind>
         <file>rts2800_fpu32.lib</file>
         <name>_printfi.c.obj</name>
      </input_file>
      <input_file id="fl-41">
         <path>C:\ti\ccs1011\ccs\tools\compiler\ti-cgt-c2000_20.2.1.LTS\lib\</path>
         <kind>archive</kind>
         <file>rts2800_fpu32.lib</file>
         <name>fd_cmp28.asm.obj</name>
      </input_file>
      <input_file id="fl-42">
         <path>C:\ti\ccs1011\ccs\tools\compiler\ti-cgt-c2000_20.2.1.LTS\lib\</path>
         <kind>archive</kind>
         <file>rts2800_fpu32.lib</file>
         <name>fd_mpy28.asm.obj</name>
      </input_file>
      <input_file id="fl-43">
         <path>C:\ti\ccs1011\ccs\tools\compiler\ti-cgt-c2000_20.2.1.LTS\lib\</path>
         <kind>archive</kind>
         <file>rts2800_fpu32.lib</file>
         <name>fd_neg28.asm.obj</name>
      </input_file>
      <input_file id="fl-44">
         <path>C:\ti\ccs1011\ccs\tools\compiler\ti-cgt-c2000_20.2.1.LTS\lib\</path>
         <kind>archive</kind>
         <file>rts2800_fpu32.lib</file>
         <name>fd_sub28.asm.obj</name>
      </input_file>
      <input_file id="fl-45">
         <path>C:\ti\ccs1011\ccs\tools\compiler\ti-cgt-c2000_20.2.1.LTS\lib\</path>
         <kind>archive</kind>
         <file>rts2800_fpu32.lib</file>
         <name>fd_toi28.asm.obj</name>
      </input_file>
      <input_file id="fl-46">
         <path>C:\ti\ccs1011\ccs\tools\compiler\ti-cgt-c2000_20.2.1.LTS\lib\</path>
         <kind>archive</kind>
         <file>rts2800_fpu32.lib</file>
         <name>fd_tol28.asm.obj</name>
      </input_file>
      <input_file id="fl-47">
         <path>C:\ti\ccs1011\ccs\tools\compiler\ti-cgt-c2000_20.2.1.LTS\lib\</path>
         <kind>archive</kind>
         <file>rts2800_fpu32.lib</file>
         <name>ll_cmp28.asm.obj</name>
      </input_file>
      <input_file id="fl-48">
         <path>C:\ti\ccs1011\ccs\tools\compiler\ti-cgt-c2000_20.2.1.LTS\lib\</path>
         <kind>archive</kind>
         <file>rts2800_fpu32.lib</file>
         <name>ll_div28.asm.obj</name>
      </input_file>
      <input_file id="fl-49">
         <path>C:\ti\ccs1011\ccs\tools\compiler\ti-cgt-c2000_20.2.1.LTS\lib\</path>
         <kind>archive</kind>
         <file>rts2800_fpu32.lib</file>
         <name>i_tofd28.asm.obj</name>
      </input_file>
      <input_file id="fl-4a">
         <path>C:\ti\ccs1011\ccs\tools\compiler\ti-cgt-c2000_20.2.1.LTS\lib\</path>
         <kind>archive</kind>
         <file>rts2800_fpu32.lib</file>
         <name>l_tofd28.asm.obj</name>
      </input_file>
      <input_file id="fl-4b">
         <path>C:\ti\ccs1011\ccs\tools\compiler\ti-cgt-c2000_20.2.1.LTS\lib\</path>
         <kind>archive</kind>
         <file>rts2800_fpu32.lib</file>
         <name>l_div28.asm.obj</name>
      </input_file>
      <input_file id="fl-4c">
         <path>C:\ti\ccs1011\ccs\tools\compiler\ti-cgt-c2000_20.2.1.LTS\lib\</path>
         <kind>archive</kind>
         <file>rts2800_fpu32.lib</file>
         <name>fs_tofdfpu32.asm.obj</name>
      </input_file>
      <input_file id="fl-4d">
         <path>C:\ti\ccs1011\ccs\tools\compiler\ti-cgt-c2000_20.2.1.LTS\lib\</path>
         <kind>archive</kind>
         <file>rts2800_fpu32.lib</file>
         <name>fd_div28.asm.obj</name>
      </input_file>
      <input_file id="fl-4e">
         <path>C:\ti\ccs1011\ccs\tools\compiler\ti-cgt-c2000_20.2.1.LTS\lib\</path>
         <kind>archive</kind>
         <file>rts2800_fpu32.lib</file>
         <name>_ltoa.c.obj</name>
      </input_file>
      <input_file id="fl-4f">
         <path>C:\ti\ccs1011\ccs\tools\compiler\ti-cgt-c2000_20.2.1.LTS\lib\</path>
         <kind>archive</kind>
         <file>rts2800_fpu32.lib</file>
         <name>atoi.c.obj</name>
      </input_file>
      <input_file id="fl-50">
         <path>C:\ti\ccs1011\ccs\tools\compiler\ti-cgt-c2000_20.2.1.LTS\lib\</path>
         <kind>archive</kind>
         <file>rts2800_fpu32.lib</file>
         <name>ctype.c.obj</name>
      </input_file>
      <input_file id="fl-51">
         <path>C:\ti\ccs1011\ccs\tools\compiler\ti-cgt-c2000_20.2.1.LTS\lib\</path>
         <kind>archive</kind>
         <file>rts2800_fpu32.lib</file>
         <name>memccpy.c.obj</name>
      </input_file>
      <input_file id="fl-52">
         <path>C:\ti\ccs1011\ccs\tools\compiler\ti-cgt-c2000_20.2.1.LTS\lib\</path>
         <kind>archive</kind>
         <file>rts2800_fpu32.lib</file>
         <name>strchr.c.obj</name>
      </input_file>
      <input_file id="fl-53">
         <path>C:\ti\ccs1011\ccs\tools\compiler\ti-cgt-c2000_20.2.1.LTS\lib\</path>
         <kind>archive</kind>
         <file>rts2800_fpu32.lib</file>
         <name>strlen.c.obj</name>
      </input_file>
      <input_file id="fl-54">
         <path>C:\ti\ccs1011\ccs\tools\compiler\ti-cgt-c2000_20.2.1.LTS\lib\</path>
         <kind>archive</kind>
         <file>rts2800_fpu32.lib</file>
         <name>s_frexp.c.obj</name>
      </input_file>
      <input_file id="fl-55">
         <path>C:\ti\ccs1011\ccs\tools\compiler\ti-cgt-c2000_20.2.1.LTS\lib\</path>
         <kind>archive</kind>
         <file>rts2800_fpu32.lib</file>
         <name>s_scalbn.c.obj</name>
      </input_file>
      <input_file id="fl-56">
         <path>C:\ti\ccs1011\ccs\tools\compiler\ti-cgt-c2000_20.2.1.LTS\lib\</path>
         <kind>archive</kind>
         <file>rts2800_fpu32.lib</file>
         <name>wcslen.c.obj</name>
      </input_file>
      <input_file id="fl-57">
         <path>C:\ti\ccs1011\ccs\tools\compiler\ti-cgt-c2000_20.2.1.LTS\lib\</path>
         <kind>archive</kind>
         <file>rts2800_fpu32.lib</file>
         <name>fd_add28.asm.obj</name>
      </input_file>
      <input_file id="fl-58">
         <path>C:\ti\ccs1011\ccs\tools\compiler\ti-cgt-c2000_20.2.1.LTS\lib\</path>
         <kind>archive</kind>
         <file>rts2800_fpu32.lib</file>
         <name>errno.c.obj</name>
      </input_file>
      <input_file id="fl-59">
         <path>C:\ti\ccs1011\ccs\tools\compiler\ti-cgt-c2000_20.2.1.LTS\lib\</path>
         <kind>archive</kind>
         <file>rts2800_fpu32.lib</file>
         <name>s_copysign.c.obj</name>
      </input_file>
   </input_file_list>
   <object_component_list>
      <object_component id="oc-158">
         <name>.cinit:_TRIP_SEL</name>
         <load_address>0x82000</load_address>
         <run_address>0x82000</run_address>
         <size>0x21</size>
         <input_file_ref idref="fl-1f"/>
      </object_component>
      <object_component id="oc-182">
         <name>.cinit:_EPWM</name>
         <load_address>0x82021</load_address>
         <run_address>0x82021</run_address>
         <size>0x1d</size>
         <input_file_ref idref="fl-1f"/>
      </object_component>
      <object_component id="oc-283">
         <name>.cinit:_sevenSeg_numberArray</name>
         <load_address>0x8203e</load_address>
         <run_address>0x8203e</run_address>
         <size>0x14</size>
         <input_file_ref idref="fl-2"/>
      </object_component>
      <object_component id="oc-151">
         <name>.cinit:_ECAP</name>
         <load_address>0x82052</load_address>
         <run_address>0x82052</run_address>
         <size>0x11</size>
         <input_file_ref idref="fl-1f"/>
      </object_component>
      <object_component id="oc-1bf">
         <name>.cinit</name>
         <load_address>0x82063</load_address>
         <run_address>0x82063</run_address>
         <size>0xe</size>
         <input_file_ref idref="fl-3a"/>
      </object_component>
      <object_component id="oc-177">
         <name>.cinit:_ADC</name>
         <load_address>0x82071</load_address>
         <run_address>0x82071</run_address>
         <size>0xd</size>
         <input_file_ref idref="fl-1f"/>
      </object_component>
      <object_component id="oc-15d">
         <name>.cinit:_EQEP</name>
         <load_address>0x8207e</load_address>
         <run_address>0x8207e</run_address>
         <size>0xb</size>
         <input_file_ref idref="fl-1f"/>
      </object_component>
      <object_component id="oc-13d">
         <name>.cinit:_SPI</name>
         <load_address>0x82089</load_address>
         <run_address>0x82089</run_address>
         <size>0xb</size>
         <input_file_ref idref="fl-1f"/>
      </object_component>
      <object_component id="oc-17d">
         <name>.cinit:_SDFM</name>
         <load_address>0x82094</load_address>
         <run_address>0x82094</run_address>
         <size>0x9</size>
         <input_file_ref idref="fl-1f"/>
      </object_component>
      <object_component id="oc-161">
         <name>.cinit:_I2C</name>
         <load_address>0x8209d</load_address>
         <run_address>0x8209d</run_address>
         <size>0x7</size>
         <input_file_ref idref="fl-1f"/>
      </object_component>
      <object_component id="oc-167">
         <name>.cinit:_MCBSP</name>
         <load_address>0x820a4</load_address>
         <run_address>0x820a4</run_address>
         <size>0x7</size>
         <input_file_ref idref="fl-1f"/>
      </object_component>
      <object_component id="oc-138">
         <name>.cinit:_SCI</name>
         <load_address>0x820ab</load_address>
         <run_address>0x820ab</run_address>
         <size>0x7</size>
         <input_file_ref idref="fl-1f"/>
      </object_component>
      <object_component id="oc-273">
         <name>.cinit:__lock</name>
         <load_address>0x820b2</load_address>
         <run_address>0x820b2</run_address>
         <size>0x5</size>
         <input_file_ref idref="fl-3b"/>
      </object_component>
      <object_component id="oc-27f">
         <name>.cinit:__unlock</name>
         <load_address>0x820b7</load_address>
         <run_address>0x820b7</run_address>
         <size>0x5</size>
         <input_file_ref idref="fl-3b"/>
      </object_component>
      <object_component id="oc-114">
         <name>.cinit</name>
         <load_address>0x820bc</load_address>
         <run_address>0x820bc</run_address>
         <size>0x4</size>
         <input_file_ref idref="fl-1d"/>
      </object_component>
      <object_component id="oc-27b">
         <name>.cinit:_mawAdcMeasurements</name>
         <load_address>0x820c0</load_address>
         <run_address>0x820c0</run_address>
         <size>0x4</size>
         <input_file_ref idref="fl-3"/>
      </object_component>
      <object_component id="oc-259">
         <name>.cinit</name>
         <load_address>0x820c4</load_address>
         <run_address>0x820c4</run_address>
         <size>0x4</size>
         <input_file_ref idref="fl-58"/>
      </object_component>
      <object_component id="oc-285">
         <name>.text</name>
         <load_address>0x820cc</load_address>
         <run_address>0x820cc</run_address>
         <size>0xce4</size>
         <input_file_ref idref="fl-40"/>
      </object_component>
      <object_component id="oc-a6">
         <name>.text:retain</name>
         <load_address>0x82db0</load_address>
         <run_address>0x82db0</run_address>
         <size>0x585</size>
         <input_file_ref idref="fl-8"/>
      </object_component>
      <object_component id="oc-275">
         <name>.text</name>
         <load_address>0x83335</load_address>
         <run_address>0x83335</run_address>
         <size>0x382</size>
         <input_file_ref idref="fl-19"/>
      </object_component>
      <object_component id="oc-276">
         <name>.text</name>
         <load_address>0x836b7</load_address>
         <run_address>0x836b7</run_address>
         <size>0x1cb</size>
         <input_file_ref idref="fl-e"/>
      </object_component>
      <object_component id="oc-271">
         <name>.text</name>
         <load_address>0x83882</load_address>
         <run_address>0x83882</run_address>
         <size>0x197</size>
         <input_file_ref idref="fl-3"/>
      </object_component>
      <object_component id="oc-209">
         <name>.text</name>
         <load_address>0x83a19</load_address>
         <run_address>0x83a19</run_address>
         <size>0x107</size>
         <input_file_ref idref="fl-48"/>
      </object_component>
      <object_component id="oc-279">
         <name>.text</name>
         <load_address>0x83b20</load_address>
         <run_address>0x83b20</run_address>
         <size>0xfb</size>
         <input_file_ref idref="fl-2"/>
      </object_component>
      <object_component id="oc-28b">
         <name>.text</name>
         <load_address>0x83c1b</load_address>
         <run_address>0x83c1b</run_address>
         <size>0xae</size>
         <input_file_ref idref="fl-55"/>
      </object_component>
      <object_component id="oc-253">
         <name>.text</name>
         <load_address>0x83cc9</load_address>
         <run_address>0x83cc9</run_address>
         <size>0x9c</size>
         <input_file_ref idref="fl-57"/>
      </object_component>
      <object_component id="oc-222">
         <name>.text</name>
         <load_address>0x83d65</load_address>
         <run_address>0x83d65</run_address>
         <size>0x8b</size>
         <input_file_ref idref="fl-4d"/>
      </object_component>
      <object_component id="oc-1a0">
         <name>.text</name>
         <load_address>0x83df0</load_address>
         <run_address>0x83df0</run_address>
         <size>0x88</size>
         <input_file_ref idref="fl-34"/>
      </object_component>
      <object_component id="oc-1eb">
         <name>.text</name>
         <load_address>0x83e78</load_address>
         <run_address>0x83e78</run_address>
         <size>0x83</size>
         <input_file_ref idref="fl-42"/>
      </object_component>
      <object_component id="oc-28a">
         <name>.text</name>
         <load_address>0x83efb</load_address>
         <run_address>0x83efb</run_address>
         <size>0x5a</size>
         <input_file_ref idref="fl-54"/>
      </object_component>
      <object_component id="oc-83">
         <name>.text</name>
         <load_address>0x83f55</load_address>
         <run_address>0x83f55</run_address>
         <size>0x56</size>
         <input_file_ref idref="fl-33"/>
      </object_component>
      <object_component id="oc-274">
         <name>.text</name>
         <load_address>0x83fab</load_address>
         <run_address>0x83fab</run_address>
         <size>0x54</size>
         <input_file_ref idref="fl-18"/>
      </object_component>
      <object_component id="oc-263">
         <name>.text</name>
         <load_address>0x83fff</load_address>
         <run_address>0x83fff</run_address>
         <size>0x1</size>
         <input_file_ref idref="fl-39"/>
      </object_component>
      <object_component id="oc-27d">
         <name>.text</name>
         <load_address>0x84000</load_address>
         <run_address>0x84000</run_address>
         <size>0x32</size>
         <input_file_ref idref="fl-32"/>
      </object_component>
      <object_component id="oc-287">
         <name>.text</name>
         <load_address>0x84032</load_address>
         <run_address>0x84032</run_address>
         <size>0x31</size>
         <input_file_ref idref="fl-4f"/>
      </object_component>
      <object_component id="oc-289">
         <name>.text</name>
         <load_address>0x84063</load_address>
         <run_address>0x84063</run_address>
         <size>0x30</size>
         <input_file_ref idref="fl-4e"/>
      </object_component>
      <object_component id="oc-1e6">
         <name>.text</name>
         <load_address>0x84093</load_address>
         <run_address>0x84093</run_address>
         <size>0x2a</size>
         <input_file_ref idref="fl-41"/>
      </object_component>
      <object_component id="oc-218">
         <name>.text</name>
         <load_address>0x840bd</load_address>
         <run_address>0x840bd</run_address>
         <size>0x2a</size>
         <input_file_ref idref="fl-4b"/>
      </object_component>
      <object_component id="oc-27c">
         <name>.text</name>
         <load_address>0x840e7</load_address>
         <run_address>0x840e7</run_address>
         <size>0x2a</size>
         <input_file_ref idref="fl-3d"/>
      </object_component>
      <object_component id="oc-265">
         <name>.text</name>
         <load_address>0x84111</load_address>
         <run_address>0x84111</run_address>
         <size>0x29</size>
         <input_file_ref idref="fl-3a"/>
      </object_component>
      <object_component id="oc-277">
         <name>.text</name>
         <load_address>0x8413a</load_address>
         <run_address>0x8413a</run_address>
         <size>0x28</size>
         <input_file_ref idref="fl-15"/>
      </object_component>
      <object_component id="oc-291">
         <name>.text</name>
         <load_address>0x84162</load_address>
         <run_address>0x84162</run_address>
         <size>0x25</size>
         <input_file_ref idref="fl-59"/>
      </object_component>
      <object_component id="oc-262">
         <name>.text</name>
         <load_address>0x84187</load_address>
         <run_address>0x84187</run_address>
         <size>0x24</size>
         <input_file_ref idref="fl-36"/>
      </object_component>
      <object_component id="oc-1fa">
         <name>.text</name>
         <load_address>0x841ab</load_address>
         <run_address>0x841ab</run_address>
         <size>0x21</size>
         <input_file_ref idref="fl-45"/>
      </object_component>
      <object_component id="oc-1ff">
         <name>.text</name>
         <load_address>0x841cc</load_address>
         <run_address>0x841cc</run_address>
         <size>0x1f</size>
         <input_file_ref idref="fl-46"/>
      </object_component>
      <object_component id="oc-204">
         <name>.text</name>
         <load_address>0x841eb</load_address>
         <run_address>0x841eb</run_address>
         <size>0x1e</size>
         <input_file_ref idref="fl-47"/>
      </object_component>
      <object_component id="oc-20e">
         <name>.text</name>
         <load_address>0x84209</load_address>
         <run_address>0x84209</run_address>
         <size>0x1d</size>
         <input_file_ref idref="fl-49"/>
      </object_component>
      <object_component id="oc-270">
         <name>.text</name>
         <load_address>0x84226</load_address>
         <run_address>0x84226</run_address>
         <size>0x1d</size>
         <input_file_ref idref="fl-37"/>
      </object_component>
      <object_component id="oc-21d">
         <name>.text</name>
         <load_address>0x84243</load_address>
         <run_address>0x84243</run_address>
         <size>0x1c</size>
         <input_file_ref idref="fl-4c"/>
      </object_component>
      <object_component id="oc-213">
         <name>.text</name>
         <load_address>0x8425f</load_address>
         <run_address>0x8425f</run_address>
         <size>0x1c</size>
         <input_file_ref idref="fl-4a"/>
      </object_component>
      <object_component id="oc-1a5">
         <name>.text</name>
         <load_address>0x8427b</load_address>
         <run_address>0x8427b</run_address>
         <size>0x18</size>
         <input_file_ref idref="fl-35"/>
      </object_component>
      <object_component id="oc-264">
         <name>.text</name>
         <load_address>0x84293</load_address>
         <run_address>0x84293</run_address>
         <size>0x12</size>
         <input_file_ref idref="fl-3c"/>
      </object_component>
      <object_component id="oc-278">
         <name>.text</name>
         <load_address>0x842a5</load_address>
         <run_address>0x842a5</run_address>
         <size>0x11</size>
         <input_file_ref idref="fl-16"/>
      </object_component>
      <object_component id="oc-28e">
         <name>.text</name>
         <load_address>0x842b6</load_address>
         <run_address>0x842b6</run_address>
         <size>0x10</size>
         <input_file_ref idref="fl-51"/>
      </object_component>
      <object_component id="oc-1f5">
         <name>.text</name>
         <load_address>0x842c6</load_address>
         <run_address>0x842c6</run_address>
         <size>0xe</size>
         <input_file_ref idref="fl-44"/>
      </object_component>
      <object_component id="oc-28c">
         <name>.text</name>
         <load_address>0x842d4</load_address>
         <run_address>0x842d4</run_address>
         <size>0xc</size>
         <input_file_ref idref="fl-52"/>
      </object_component>
      <object_component id="oc-27e">
         <name>.text</name>
         <load_address>0x842e0</load_address>
         <run_address>0x842e0</run_address>
         <size>0x9</size>
         <input_file_ref idref="fl-3b"/>
      </object_component>
      <object_component id="oc-1f0">
         <name>.text</name>
         <load_address>0x842e9</load_address>
         <run_address>0x842e9</run_address>
         <size>0x9</size>
         <input_file_ref idref="fl-43"/>
      </object_component>
      <object_component id="oc-28f">
         <name>.text</name>
         <load_address>0x842f2</load_address>
         <run_address>0x842f2</run_address>
         <size>0x9</size>
         <input_file_ref idref="fl-56"/>
      </object_component>
      <object_component id="oc-288">
         <name>.text</name>
         <load_address>0x842fb</load_address>
         <run_address>0x842fb</run_address>
         <size>0x8</size>
         <input_file_ref idref="fl-53"/>
      </object_component>
      <object_component id="oc-28d">
         <name>.text</name>
         <load_address>0x84303</load_address>
         <run_address>0x84303</run_address>
         <size>0x7</size>
         <input_file_ref idref="fl-3e"/>
      </object_component>
      <object_component id="oc-284">
         <name>.text</name>
         <load_address>0x8430a</load_address>
         <run_address>0x8430a</run_address>
         <size>0x5</size>
         <input_file_ref idref="fl-3f"/>
      </object_component>
      <object_component id="oc-a0">
         <name>.text</name>
         <load_address>0x8430f</load_address>
         <run_address>0x8430f</run_address>
         <size>0x3</size>
         <input_file_ref idref="fl-7"/>
      </object_component>
      <object_component id="oc-261">
         <name>.text</name>
         <load_address>0x84312</load_address>
         <run_address>0x84312</run_address>
         <size>0x2</size>
         <input_file_ref idref="fl-38"/>
      </object_component>
      <object_component id="oc-95">
         <name>codestart</name>
         <load_address>0x80000</load_address>
         <run_address>0x80000</run_address>
         <size>0x2</size>
         <input_file_ref idref="fl-5"/>
      </object_component>
      <object_component id="oc-280">
         <name>.TI.ramfunc</name>
         <load_address>0x86000</load_address>
         <run_address>0x8000</run_address>
         <size>0x48</size>
         <input_file_ref idref="fl-19"/>
      </object_component>
      <object_component id="oc-121">
         <name>.TI.ramfunc</name>
         <load_address>0x86048</load_address>
         <run_address>0x8048</run_address>
         <size>0x4</size>
         <input_file_ref idref="fl-20"/>
      </object_component>
      <object_component id="oc-19a">
         <name>.stack</name>
         <uninitialized>true</uninitialized>
         <run_address>0x400</run_address>
         <size>0x0</size>
         <input_file_ref idref="fl-33"/>
      </object_component>
      <object_component id="oc-31a">
         <name>.stack</name>
         <uninitialized>true</uninitialized>
         <run_address>0x400</run_address>
         <size>0x0</size>
      </object_component>
      <object_component id="oc-269">
         <name>.ebss:_TRIP_SEL</name>
         <uninitialized>true</uninitialized>
         <run_address>0xa800</run_address>
         <size>0x1e</size>
         <input_file_ref idref="fl-1f"/>
      </object_component>
      <object_component id="oc-26f">
         <name>.ebss:_EPWM</name>
         <uninitialized>true</uninitialized>
         <run_address>0xa81e</run_address>
         <size>0x1a</size>
         <input_file_ref idref="fl-1f"/>
      </object_component>
      <object_component id="oc-26a">
         <name>.ebss:_EQEP</name>
         <uninitialized>true</uninitialized>
         <run_address>0xa838</run_address>
         <size>0x8</size>
         <input_file_ref idref="fl-1f"/>
      </object_component>
      <object_component id="oc-9b">
         <name>.ebss</name>
         <uninitialized>true</uninitialized>
         <run_address>0xa840</run_address>
         <size>0x18</size>
         <input_file_ref idref="fl-6"/>
      </object_component>
      <object_component id="oc-282">
         <name>.ebss:_sevenSeg_numberArray</name>
         <uninitialized>true</uninitialized>
         <run_address>0xa858</run_address>
         <size>0x11</size>
         <input_file_ref idref="fl-2"/>
      </object_component>
      <object_component id="oc-115">
         <name>.ebss</name>
         <uninitialized>true</uninitialized>
         <run_address>0xa869</run_address>
         <size>0x1</size>
         <input_file_ref idref="fl-1d"/>
      </object_component>
      <object_component id="oc-268">
         <name>.ebss:_ECAP</name>
         <uninitialized>true</uninitialized>
         <run_address>0xa86a</run_address>
         <size>0xe</size>
         <input_file_ref idref="fl-1f"/>
      </object_component>
      <object_component id="oc-267">
         <name>.ebss:_SPI</name>
         <uninitialized>true</uninitialized>
         <run_address>0xa878</run_address>
         <size>0x8</size>
         <input_file_ref idref="fl-1f"/>
      </object_component>
      <object_component id="oc-26d">
         <name>.ebss:_ADC</name>
         <uninitialized>true</uninitialized>
         <run_address>0xa880</run_address>
         <size>0xa</size>
         <input_file_ref idref="fl-1f"/>
      </object_component>
      <object_component id="oc-104">
         <name>.ebss</name>
         <uninitialized>true</uninitialized>
         <run_address>0xa88a</run_address>
         <size>0x6</size>
         <input_file_ref idref="fl-1a"/>
      </object_component>
      <object_component id="oc-26e">
         <name>.ebss:_SDFM</name>
         <uninitialized>true</uninitialized>
         <run_address>0xa890</run_address>
         <size>0x6</size>
         <input_file_ref idref="fl-1f"/>
      </object_component>
      <object_component id="oc-1c0">
         <name>.ebss</name>
         <uninitialized>true</uninitialized>
         <run_address>0xa896</run_address>
         <size>0x6</size>
         <input_file_ref idref="fl-3a"/>
      </object_component>
      <object_component id="oc-26b">
         <name>.ebss:_I2C</name>
         <uninitialized>true</uninitialized>
         <run_address>0xa89c</run_address>
         <size>0x4</size>
         <input_file_ref idref="fl-1f"/>
      </object_component>
      <object_component id="oc-26c">
         <name>.ebss:_MCBSP</name>
         <uninitialized>true</uninitialized>
         <run_address>0xa8a0</run_address>
         <size>0x4</size>
         <input_file_ref idref="fl-1f"/>
      </object_component>
      <object_component id="oc-266">
         <name>.ebss:_SCI</name>
         <uninitialized>true</uninitialized>
         <run_address>0xa8a4</run_address>
         <size>0x4</size>
         <input_file_ref idref="fl-1f"/>
      </object_component>
      <object_component id="oc-272">
         <name>.ebss:__lock</name>
         <uninitialized>true</uninitialized>
         <run_address>0xa8a8</run_address>
         <size>0x2</size>
         <input_file_ref idref="fl-3b"/>
      </object_component>
      <object_component id="oc-286">
         <name>.ebss:__unlock</name>
         <uninitialized>true</uninitialized>
         <run_address>0xa8aa</run_address>
         <size>0x2</size>
         <input_file_ref idref="fl-3b"/>
      </object_component>
      <object_component id="oc-27a">
         <name>.ebss:_mawAdcMeasurements</name>
         <uninitialized>true</uninitialized>
         <run_address>0xa8ac</run_address>
         <size>0x2</size>
         <input_file_ref idref="fl-3"/>
      </object_component>
      <object_component id="oc-8a">
         <name>.ebss</name>
         <uninitialized>true</uninitialized>
         <run_address>0xa8ae</run_address>
         <size>0x1</size>
         <input_file_ref idref="fl-3"/>
      </object_component>
      <object_component id="oc-25a">
         <name>.ebss</name>
         <uninitialized>true</uninitialized>
         <run_address>0xa8af</run_address>
         <size>0x1</size>
         <input_file_ref idref="fl-58"/>
      </object_component>
      <object_component id="oc-281">
         <name>.econst:_PieVectTableInit</name>
         <load_address>0x90000</load_address>
         <run_address>0x90000</run_address>
         <size>0x1c0</size>
         <input_file_ref idref="fl-16"/>
      </object_component>
      <object_component id="oc-290">
         <name>.econst:.string:__ctypes_</name>
         <load_address>0x901c0</load_address>
         <run_address>0x901c0</run_address>
         <size>0x101</size>
         <input_file_ref idref="fl-50"/>
      </object_component>
      <object_component id="oc-8b">
         <name>.econst:.string</name>
         <load_address>0x902c2</load_address>
         <run_address>0x902c2</run_address>
         <size>0x3b</size>
         <input_file_ref idref="fl-3"/>
      </object_component>
      <object_component id="oc-1e1">
         <name>.econst:.string</name>
         <load_address>0x902fe</load_address>
         <run_address>0x902fe</run_address>
         <size>0x26</size>
         <input_file_ref idref="fl-40"/>
      </object_component>
      <object_component id="oc-1d0">
         <name>.econst:.string</name>
         <load_address>0x90324</load_address>
         <run_address>0x90324</run_address>
         <size>0x25</size>
         <input_file_ref idref="fl-3d"/>
      </object_component>
      <object_component id="oc-1e0">
         <name>.econst</name>
         <load_address>0x9034a</load_address>
         <run_address>0x9034a</run_address>
         <size>0x1c</size>
         <input_file_ref idref="fl-40"/>
      </object_component>
      <object_component id="oc-249">
         <name>.econst</name>
         <load_address>0x90366</load_address>
         <run_address>0x90366</run_address>
         <size>0x1c</size>
         <input_file_ref idref="fl-55"/>
      </object_component>
      <object_component id="oc-243">
         <name>.econst</name>
         <load_address>0x90382</load_address>
         <run_address>0x90382</run_address>
         <size>0x8</size>
         <input_file_ref idref="fl-54"/>
      </object_component>
      <object_component id="oc-19b">
         <name>.reset</name>
         <load_address>0x3fffc0</load_address>
         <run_address>0x3fffc0</run_address>
         <size>0x2</size>
         <input_file_ref idref="fl-33"/>
      </object_component>
      <object_component id="oc-d8">
         <name>PUTBUFFER</name>
         <uninitialized>true</uninitialized>
         <run_address>0x3fc00</run_address>
         <size>0x80</size>
         <input_file_ref idref="fl-11"/>
      </object_component>
      <object_component id="oc-d4">
         <name>PUTWRITEIDX</name>
         <uninitialized>true</uninitialized>
         <run_address>0x3fc80</run_address>
         <size>0x4</size>
         <input_file_ref idref="fl-11"/>
      </object_component>
      <object_component id="oc-d7">
         <name>GETREADIDX</name>
         <uninitialized>true</uninitialized>
         <run_address>0x3fc84</run_address>
         <size>0x4</size>
         <input_file_ref idref="fl-11"/>
      </object_component>
      <object_component id="oc-d9">
         <name>GETBUFFER</name>
         <uninitialized>true</uninitialized>
         <run_address>0x3f800</run_address>
         <size>0x80</size>
         <input_file_ref idref="fl-11"/>
      </object_component>
      <object_component id="oc-d6">
         <name>GETWRITEIDX</name>
         <uninitialized>true</uninitialized>
         <run_address>0x3f880</run_address>
         <size>0x4</size>
         <input_file_ref idref="fl-11"/>
      </object_component>
      <object_component id="oc-d5">
         <name>PUTREADIDX</name>
         <uninitialized>true</uninitialized>
         <run_address>0x3f884</run_address>
         <size>0x4</size>
         <input_file_ref idref="fl-11"/>
      </object_component>
      <object_component id="oc-193">
         <name>PieVectTableFile</name>
         <uninitialized>true</uninitialized>
         <run_address>0xd00</run_address>
         <size>0x1c0</size>
         <input_file_ref idref="fl-21"/>
      </object_component>
      <object_component id="oc-127">
         <name>EmuKeyVar</name>
         <uninitialized>true</uninitialized>
         <run_address>0xd00</run_address>
         <size>0x1</size>
         <input_file_ref idref="fl-21"/>
      </object_component>
      <object_component id="oc-128">
         <name>EmuBModeVar</name>
         <uninitialized>true</uninitialized>
         <run_address>0xd01</run_address>
         <size>0x1</size>
         <input_file_ref idref="fl-21"/>
      </object_component>
      <object_component id="oc-140">
         <name>AdcaResultFile</name>
         <uninitialized>true</uninitialized>
         <run_address>0xb00</run_address>
         <size>0x18</size>
         <input_file_ref idref="fl-21"/>
      </object_component>
      <object_component id="oc-141">
         <name>AdcbResultFile</name>
         <uninitialized>true</uninitialized>
         <run_address>0xb20</run_address>
         <size>0x18</size>
         <input_file_ref idref="fl-21"/>
      </object_component>
      <object_component id="oc-142">
         <name>AdccResultFile</name>
         <uninitialized>true</uninitialized>
         <run_address>0xb40</run_address>
         <size>0x18</size>
         <input_file_ref idref="fl-21"/>
      </object_component>
      <object_component id="oc-143">
         <name>AdcdResultFile</name>
         <uninitialized>true</uninitialized>
         <run_address>0xb60</run_address>
         <size>0x18</size>
         <input_file_ref idref="fl-21"/>
      </object_component>
      <object_component id="oc-176">
         <name>AdcaRegsFile</name>
         <uninitialized>true</uninitialized>
         <run_address>0x7400</run_address>
         <size>0x80</size>
         <input_file_ref idref="fl-21"/>
      </object_component>
      <object_component id="oc-178">
         <name>AdcbRegsFile</name>
         <uninitialized>true</uninitialized>
         <run_address>0x7480</run_address>
         <size>0x80</size>
         <input_file_ref idref="fl-21"/>
      </object_component>
      <object_component id="oc-179">
         <name>AdccRegsFile</name>
         <uninitialized>true</uninitialized>
         <run_address>0x7500</run_address>
         <size>0x80</size>
         <input_file_ref idref="fl-21"/>
      </object_component>
      <object_component id="oc-17a">
         <name>AdcdRegsFile</name>
         <uninitialized>true</uninitialized>
         <run_address>0x7580</run_address>
         <size>0x80</size>
         <input_file_ref idref="fl-21"/>
      </object_component>
      <object_component id="oc-172">
         <name>AnalogSubsysRegsFile</name>
         <uninitialized>true</uninitialized>
         <run_address>0x5d180</run_address>
         <size>0x48</size>
         <input_file_ref idref="fl-21"/>
      </object_component>
      <object_component id="oc-18f">
         <name>CanaRegsFile</name>
         <uninitialized>true</uninitialized>
         <run_address>0x48000</run_address>
         <size>0x164</size>
         <input_file_ref idref="fl-21"/>
      </object_component>
      <object_component id="oc-190">
         <name>CanbRegsFile</name>
         <uninitialized>true</uninitialized>
         <run_address>0x4a000</run_address>
         <size>0x164</size>
         <input_file_ref idref="fl-21"/>
      </object_component>
      <object_component id="oc-16d">
         <name>Cla1RegsFile</name>
         <uninitialized>true</uninitialized>
         <run_address>0x1400</run_address>
         <size>0x3e</size>
         <input_file_ref idref="fl-21"/>
      </object_component>
      <object_component id="oc-12c">
         <name>Cla1SoftIntRegsFile</name>
         <uninitialized>true</uninitialized>
         <run_address>0xce0</run_address>
         <size>0x4</size>
         <input_file_ref idref="fl-21"/>
      </object_component>
      <object_component id="oc-146">
         <name>Cmpss1RegsFile</name>
         <uninitialized>true</uninitialized>
         <run_address>0x5c80</run_address>
         <size>0x20</size>
         <input_file_ref idref="fl-21"/>
      </object_component>
      <object_component id="oc-147">
         <name>Cmpss2RegsFile</name>
         <uninitialized>true</uninitialized>
         <run_address>0x5ca0</run_address>
         <size>0x20</size>
         <input_file_ref idref="fl-21"/>
      </object_component>
      <object_component id="oc-148">
         <name>Cmpss3RegsFile</name>
         <uninitialized>true</uninitialized>
         <run_address>0x5cc0</run_address>
         <size>0x20</size>
         <input_file_ref idref="fl-21"/>
      </object_component>
      <object_component id="oc-149">
         <name>Cmpss4RegsFile</name>
         <uninitialized>true</uninitialized>
         <run_address>0x5ce0</run_address>
         <size>0x20</size>
         <input_file_ref idref="fl-21"/>
      </object_component>
      <object_component id="oc-14a">
         <name>Cmpss5RegsFile</name>
         <uninitialized>true</uninitialized>
         <run_address>0x5d00</run_address>
         <size>0x20</size>
         <input_file_ref idref="fl-21"/>
      </object_component>
      <object_component id="oc-14b">
         <name>Cmpss6RegsFile</name>
         <uninitialized>true</uninitialized>
         <run_address>0x5d20</run_address>
         <size>0x20</size>
         <input_file_ref idref="fl-21"/>
      </object_component>
      <object_component id="oc-14c">
         <name>Cmpss7RegsFile</name>
         <uninitialized>true</uninitialized>
         <run_address>0x5d40</run_address>
         <size>0x20</size>
         <input_file_ref idref="fl-21"/>
      </object_component>
      <object_component id="oc-14d">
         <name>Cmpss8RegsFile</name>
         <uninitialized>true</uninitialized>
         <run_address>0x5d60</run_address>
         <size>0x20</size>
         <input_file_ref idref="fl-21"/>
      </object_component>
      <object_component id="oc-132">
         <name>CpuTimer0RegsFile</name>
         <uninitialized>true</uninitialized>
         <run_address>0xc00</run_address>
         <size>0x8</size>
         <input_file_ref idref="fl-21"/>
      </object_component>
      <object_component id="oc-133">
         <name>CpuTimer1RegsFile</name>
         <uninitialized>true</uninitialized>
         <run_address>0xc08</run_address>
         <size>0x8</size>
         <input_file_ref idref="fl-21"/>
      </object_component>
      <object_component id="oc-134">
         <name>CpuTimer2RegsFile</name>
         <uninitialized>true</uninitialized>
         <run_address>0xc10</run_address>
         <size>0x8</size>
         <input_file_ref idref="fl-21"/>
      </object_component>
      <object_component id="oc-12f">
         <name>DacaRegsFile</name>
         <uninitialized>true</uninitialized>
         <run_address>0x5c00</run_address>
         <size>0x8</size>
         <input_file_ref idref="fl-21"/>
      </object_component>
      <object_component id="oc-130">
         <name>DacbRegsFile</name>
         <uninitialized>true</uninitialized>
         <run_address>0x5c10</run_address>
         <size>0x8</size>
         <input_file_ref idref="fl-21"/>
      </object_component>
      <object_component id="oc-131">
         <name>DaccRegsFile</name>
         <uninitialized>true</uninitialized>
         <run_address>0x5c20</run_address>
         <size>0x8</size>
         <input_file_ref idref="fl-21"/>
      </object_component>
      <object_component id="oc-163">
         <name>DcsmZ1RegsFile</name>
         <uninitialized>true</uninitialized>
         <run_address>0x5f000</run_address>
         <size>0x24</size>
         <input_file_ref idref="fl-21"/>
      </object_component>
      <object_component id="oc-164">
         <name>DcsmZ2RegsFile</name>
         <uninitialized>true</uninitialized>
         <run_address>0x5f040</run_address>
         <size>0x24</size>
         <input_file_ref idref="fl-21"/>
      </object_component>
      <object_component id="oc-135">
         <name>DcsmCommonRegsFile</name>
         <uninitialized>true</uninitialized>
         <run_address>0x5f070</run_address>
         <size>0x8</size>
         <input_file_ref idref="fl-21"/>
      </object_component>
      <object_component id="oc-14e">
         <name>DcsmZ1OtpFile</name>
         <uninitialized>true</uninitialized>
         <run_address>0x78000</run_address>
         <size>0x20</size>
         <input_file_ref idref="fl-21"/>
      </object_component>
      <object_component id="oc-14f">
         <name>DcsmZ2OtpFile</name>
         <uninitialized>true</uninitialized>
         <run_address>0x78200</run_address>
         <size>0x20</size>
         <input_file_ref idref="fl-21"/>
      </object_component>
      <object_component id="oc-180">
         <name>DmaRegsFile</name>
         <uninitialized>true</uninitialized>
         <run_address>0x1000</run_address>
         <size>0xe0</size>
         <input_file_ref idref="fl-21"/>
      </object_component>
      <object_component id="oc-144">
         <name>DmaClaSrcSelRegsFile</name>
         <uninitialized>true</uninitialized>
         <run_address>0x7980</run_address>
         <size>0x1a</size>
         <input_file_ref idref="fl-21"/>
      </object_component>
      <object_component id="oc-150">
         <name>ECap1RegsFile</name>
         <uninitialized>true</uninitialized>
         <run_address>0x5000</run_address>
         <size>0x20</size>
         <input_file_ref idref="fl-21"/>
      </object_component>
      <object_component id="oc-152">
         <name>ECap2RegsFile</name>
         <uninitialized>true</uninitialized>
         <run_address>0x5020</run_address>
         <size>0x20</size>
         <input_file_ref idref="fl-21"/>
      </object_component>
      <object_component id="oc-153">
         <name>ECap3RegsFile</name>
         <uninitialized>true</uninitialized>
         <run_address>0x5040</run_address>
         <size>0x20</size>
         <input_file_ref idref="fl-21"/>
      </object_component>
      <object_component id="oc-154">
         <name>ECap4RegsFile</name>
         <uninitialized>true</uninitialized>
         <run_address>0x5060</run_address>
         <size>0x20</size>
         <input_file_ref idref="fl-21"/>
      </object_component>
      <object_component id="oc-155">
         <name>ECap5RegsFile</name>
         <uninitialized>true</uninitialized>
         <run_address>0x5080</run_address>
         <size>0x20</size>
         <input_file_ref idref="fl-21"/>
      </object_component>
      <object_component id="oc-156">
         <name>ECap6RegsFile</name>
         <uninitialized>true</uninitialized>
         <run_address>0x50a0</run_address>
         <size>0x20</size>
         <input_file_ref idref="fl-21"/>
      </object_component>
      <object_component id="oc-174">
         <name>Emif1RegsFile</name>
         <uninitialized>true</uninitialized>
         <run_address>0x47000</run_address>
         <size>0x70</size>
         <input_file_ref idref="fl-21"/>
      </object_component>
      <object_component id="oc-175">
         <name>Emif2RegsFile</name>
         <uninitialized>true</uninitialized>
         <run_address>0x47800</run_address>
         <size>0x70</size>
         <input_file_ref idref="fl-21"/>
      </object_component>
      <object_component id="oc-181">
         <name>EPwm1RegsFile</name>
         <uninitialized>true</uninitialized>
         <run_address>0x4000</run_address>
         <size>0x100</size>
         <input_file_ref idref="fl-21"/>
      </object_component>
      <object_component id="oc-183">
         <name>EPwm2RegsFile</name>
         <uninitialized>true</uninitialized>
         <run_address>0x4100</run_address>
         <size>0x100</size>
         <input_file_ref idref="fl-21"/>
      </object_component>
      <object_component id="oc-184">
         <name>EPwm3RegsFile</name>
         <uninitialized>true</uninitialized>
         <run_address>0x4200</run_address>
         <size>0x100</size>
         <input_file_ref idref="fl-21"/>
      </object_component>
      <object_component id="oc-185">
         <name>EPwm4RegsFile</name>
         <uninitialized>true</uninitialized>
         <run_address>0x4300</run_address>
         <size>0x100</size>
         <input_file_ref idref="fl-21"/>
      </object_component>
      <object_component id="oc-186">
         <name>EPwm5RegsFile</name>
         <uninitialized>true</uninitialized>
         <run_address>0x4400</run_address>
         <size>0x100</size>
         <input_file_ref idref="fl-21"/>
      </object_component>
      <object_component id="oc-187">
         <name>EPwm6RegsFile</name>
         <uninitialized>true</uninitialized>
         <run_address>0x4500</run_address>
         <size>0x100</size>
         <input_file_ref idref="fl-21"/>
      </object_component>
      <object_component id="oc-188">
         <name>EPwm7RegsFile</name>
         <uninitialized>true</uninitialized>
         <run_address>0x4600</run_address>
         <size>0x100</size>
         <input_file_ref idref="fl-21"/>
      </object_component>
      <object_component id="oc-189">
         <name>EPwm8RegsFile</name>
         <uninitialized>true</uninitialized>
         <run_address>0x4700</run_address>
         <size>0x100</size>
         <input_file_ref idref="fl-21"/>
      </object_component>
      <object_component id="oc-18a">
         <name>EPwm9RegsFile</name>
         <uninitialized>true</uninitialized>
         <run_address>0x4800</run_address>
         <size>0x100</size>
         <input_file_ref idref="fl-21"/>
      </object_component>
      <object_component id="oc-18b">
         <name>EPwm10RegsFile</name>
         <uninitialized>true</uninitialized>
         <run_address>0x4900</run_address>
         <size>0x100</size>
         <input_file_ref idref="fl-21"/>
      </object_component>
      <object_component id="oc-18c">
         <name>EPwm11RegsFile</name>
         <uninitialized>true</uninitialized>
         <run_address>0x4a00</run_address>
         <size>0x100</size>
         <input_file_ref idref="fl-21"/>
      </object_component>
      <object_component id="oc-18d">
         <name>EPwm12RegsFile</name>
         <uninitialized>true</uninitialized>
         <run_address>0x4b00</run_address>
         <size>0x100</size>
         <input_file_ref idref="fl-21"/>
      </object_component>
      <object_component id="oc-16e">
         <name>EPwmXbarRegsFile</name>
         <uninitialized>true</uninitialized>
         <run_address>0x7a00</run_address>
         <size>0x40</size>
         <input_file_ref idref="fl-21"/>
      </object_component>
      <object_component id="oc-15c">
         <name>EQep1RegsFile</name>
         <uninitialized>true</uninitialized>
         <run_address>0x5100</run_address>
         <size>0x22</size>
         <input_file_ref idref="fl-21"/>
      </object_component>
      <object_component id="oc-15e">
         <name>EQep2RegsFile</name>
         <uninitialized>true</uninitialized>
         <run_address>0x5140</run_address>
         <size>0x22</size>
         <input_file_ref idref="fl-21"/>
      </object_component>
      <object_component id="oc-15f">
         <name>EQep3RegsFile</name>
         <uninitialized>true</uninitialized>
         <run_address>0x5180</run_address>
         <size>0x22</size>
         <input_file_ref idref="fl-21"/>
      </object_component>
      <object_component id="oc-192">
         <name>Flash0CtrlRegsFile</name>
         <uninitialized>true</uninitialized>
         <run_address>0x5f800</run_address>
         <size>0x182</size>
         <input_file_ref idref="fl-21"/>
      </object_component>
      <object_component id="oc-169">
         <name>Flash0EccRegsFile</name>
         <uninitialized>true</uninitialized>
         <run_address>0x5fb00</run_address>
         <size>0x28</size>
         <input_file_ref idref="fl-21"/>
      </object_component>
      <object_component id="oc-191">
         <name>GpioCtrlRegsFile</name>
         <uninitialized>true</uninitialized>
         <run_address>0x7c00</run_address>
         <size>0x180</size>
         <input_file_ref idref="fl-21"/>
      </object_component>
      <object_component id="oc-16b">
         <name>GpioDataRegsFile</name>
         <uninitialized>true</uninitialized>
         <run_address>0x7f00</run_address>
         <size>0x30</size>
         <input_file_ref idref="fl-21"/>
      </object_component>
      <object_component id="oc-16f">
         <name>OutputXbarRegsFile</name>
         <uninitialized>true</uninitialized>
         <run_address>0x7a80</run_address>
         <size>0x40</size>
         <input_file_ref idref="fl-21"/>
      </object_component>
      <object_component id="oc-160">
         <name>I2caRegsFile</name>
         <uninitialized>true</uninitialized>
         <run_address>0x7300</run_address>
         <size>0x22</size>
         <input_file_ref idref="fl-21"/>
      </object_component>
      <object_component id="oc-162">
         <name>I2cbRegsFile</name>
         <uninitialized>true</uninitialized>
         <run_address>0x7340</run_address>
         <size>0x22</size>
         <input_file_ref idref="fl-21"/>
      </object_component>
      <object_component id="oc-157">
         <name>InputXbarRegsFile</name>
         <uninitialized>true</uninitialized>
         <run_address>0x7900</run_address>
         <size>0x20</size>
         <input_file_ref idref="fl-21"/>
      </object_component>
      <object_component id="oc-159">
         <name>XbarRegsFile</name>
         <uninitialized>true</uninitialized>
         <run_address>0x7920</run_address>
         <size>0x20</size>
         <input_file_ref idref="fl-21"/>
      </object_component>
      <object_component id="oc-165">
         <name>IpcRegsFile</name>
         <uninitialized>true</uninitialized>
         <run_address>0x50000</run_address>
         <size>0x24</size>
         <input_file_ref idref="fl-21"/>
      </object_component>
      <object_component id="oc-129">
         <name>FlashPumpSemaphoreRegsFile</name>
         <uninitialized>true</uninitialized>
         <run_address>0x50024</run_address>
         <size>0x2</size>
         <input_file_ref idref="fl-21"/>
      </object_component>
      <object_component id="oc-12a">
         <name>RomPrefetchRegsFile</name>
         <uninitialized>true</uninitialized>
         <run_address>0x5e608</run_address>
         <size>0x2</size>
         <input_file_ref idref="fl-21"/>
      </object_component>
      <object_component id="oc-17b">
         <name>MemCfgRegsFile</name>
         <uninitialized>true</uninitialized>
         <run_address>0x5f400</run_address>
         <size>0x80</size>
         <input_file_ref idref="fl-21"/>
      </object_component>
      <object_component id="oc-15a">
         <name>Emif1ConfigRegsFile</name>
         <uninitialized>true</uninitialized>
         <run_address>0x5f480</run_address>
         <size>0x20</size>
         <input_file_ref idref="fl-21"/>
      </object_component>
      <object_component id="oc-15b">
         <name>Emif2ConfigRegsFile</name>
         <uninitialized>true</uninitialized>
         <run_address>0x5f4a0</run_address>
         <size>0x20</size>
         <input_file_ref idref="fl-21"/>
      </object_component>
      <object_component id="oc-170">
         <name>AccessProtectionRegsFile</name>
         <uninitialized>true</uninitialized>
         <run_address>0x5f4c0</run_address>
         <size>0x40</size>
         <input_file_ref idref="fl-21"/>
      </object_component>
      <object_component id="oc-171">
         <name>MemoryErrorRegsFile</name>
         <uninitialized>true</uninitialized>
         <run_address>0x5f500</run_address>
         <size>0x40</size>
         <input_file_ref idref="fl-21"/>
      </object_component>
      <object_component id="oc-12b">
         <name>RomWaitStateRegsFile</name>
         <uninitialized>true</uninitialized>
         <run_address>0x5f540</run_address>
         <size>0x2</size>
         <input_file_ref idref="fl-21"/>
      </object_component>
      <object_component id="oc-166">
         <name>McbspaRegsFile</name>
         <uninitialized>true</uninitialized>
         <run_address>0x6000</run_address>
         <size>0x24</size>
         <input_file_ref idref="fl-21"/>
      </object_component>
      <object_component id="oc-168">
         <name>McbspbRegsFile</name>
         <uninitialized>true</uninitialized>
         <run_address>0x6040</run_address>
         <size>0x24</size>
         <input_file_ref idref="fl-21"/>
      </object_component>
      <object_component id="oc-173">
         <name>UppRegsFile</name>
         <uninitialized>true</uninitialized>
         <run_address>0x6200</run_address>
         <size>0x48</size>
         <input_file_ref idref="fl-21"/>
      </object_component>
      <object_component id="oc-12e">
         <name>NmiIntruptRegsFile</name>
         <uninitialized>true</uninitialized>
         <run_address>0x7060</run_address>
         <size>0x7</size>
         <input_file_ref idref="fl-21"/>
      </object_component>
      <object_component id="oc-145">
         <name>PieCtrlRegsFile</name>
         <uninitialized>true</uninitialized>
         <run_address>0xce0</run_address>
         <size>0x1a</size>
         <input_file_ref idref="fl-21"/>
      </object_component>
      <object_component id="oc-137">
         <name>SciaRegsFile</name>
         <uninitialized>true</uninitialized>
         <run_address>0x7200</run_address>
         <size>0x10</size>
         <input_file_ref idref="fl-21"/>
      </object_component>
      <object_component id="oc-139">
         <name>ScibRegsFile</name>
         <uninitialized>true</uninitialized>
         <run_address>0x7210</run_address>
         <size>0x10</size>
         <input_file_ref idref="fl-21"/>
      </object_component>
      <object_component id="oc-13a">
         <name>ScicRegsFile</name>
         <uninitialized>true</uninitialized>
         <run_address>0x7220</run_address>
         <size>0x10</size>
         <input_file_ref idref="fl-21"/>
      </object_component>
      <object_component id="oc-13b">
         <name>ScidRegsFile</name>
         <uninitialized>true</uninitialized>
         <run_address>0x7230</run_address>
         <size>0x10</size>
         <input_file_ref idref="fl-21"/>
      </object_component>
      <object_component id="oc-17c">
         <name>Sdfm1RegsFile</name>
         <uninitialized>true</uninitialized>
         <run_address>0x5e00</run_address>
         <size>0x80</size>
         <input_file_ref idref="fl-21"/>
      </object_component>
      <object_component id="oc-17e">
         <name>Sdfm2RegsFile</name>
         <uninitialized>true</uninitialized>
         <run_address>0x5e80</run_address>
         <size>0x80</size>
         <input_file_ref idref="fl-21"/>
      </object_component>
      <object_component id="oc-13c">
         <name>SpiaRegsFile</name>
         <uninitialized>true</uninitialized>
         <run_address>0x6100</run_address>
         <size>0x10</size>
         <input_file_ref idref="fl-21"/>
      </object_component>
      <object_component id="oc-13e">
         <name>SpibRegsFile</name>
         <uninitialized>true</uninitialized>
         <run_address>0x6110</run_address>
         <size>0x10</size>
         <input_file_ref idref="fl-21"/>
      </object_component>
      <object_component id="oc-13f">
         <name>SpicRegsFile</name>
         <uninitialized>true</uninitialized>
         <run_address>0x6120</run_address>
         <size>0x10</size>
         <input_file_ref idref="fl-21"/>
      </object_component>
      <object_component id="oc-18e">
         <name>DevCfgRegsFile</name>
         <uninitialized>true</uninitialized>
         <run_address>0x5d000</run_address>
         <size>0x12e</size>
         <input_file_ref idref="fl-21"/>
      </object_component>
      <object_component id="oc-16c">
         <name>ClkCfgRegsFile</name>
         <uninitialized>true</uninitialized>
         <run_address>0x5d200</run_address>
         <size>0x32</size>
         <input_file_ref idref="fl-21"/>
      </object_component>
      <object_component id="oc-17f">
         <name>CpuSysRegsFile</name>
         <uninitialized>true</uninitialized>
         <run_address>0x5d300</run_address>
         <size>0x82</size>
         <input_file_ref idref="fl-21"/>
      </object_component>
      <object_component id="oc-12d">
         <name>SyncSocRegsFile</name>
         <uninitialized>true</uninitialized>
         <run_address>0x7940</run_address>
         <size>0x6</size>
         <input_file_ref idref="fl-21"/>
      </object_component>
      <object_component id="oc-16a">
         <name>WdRegsFile</name>
         <uninitialized>true</uninitialized>
         <run_address>0x7000</run_address>
         <size>0x2b</size>
         <input_file_ref idref="fl-21"/>
      </object_component>
      <object_component id="oc-136">
         <name>XintRegsFile</name>
         <uninitialized>true</uninitialized>
         <run_address>0x7070</run_address>
         <size>0xb</size>
         <input_file_ref idref="fl-21"/>
      </object_component>
      <object_component id="oc-84">
         <name>.debug_info</name>
         <load_address>0x0</load_address>
         <run_address>0x0</run_address>
         <size>0xfba5</size>
         <input_file_ref idref="fl-2"/>
      </object_component>
      <object_component id="oc-89">
         <name>.debug_info</name>
         <load_address>0xfba5</load_address>
         <run_address>0xfba5</run_address>
         <size>0x7b66</size>
         <input_file_ref idref="fl-3"/>
      </object_component>
      <object_component id="oc-90">
         <name>.debug_info</name>
         <load_address>0x1770b</load_address>
         <run_address>0x1770b</run_address>
         <size>0x462a</size>
         <input_file_ref idref="fl-4"/>
      </object_component>
      <object_component id="oc-97">
         <name>.debug_info</name>
         <load_address>0x1bd35</load_address>
         <run_address>0x1bd35</run_address>
         <size>0x109</size>
         <input_file_ref idref="fl-5"/>
      </object_component>
      <object_component id="oc-9a">
         <name>.debug_info</name>
         <load_address>0x1be3e</load_address>
         <run_address>0x1be3e</run_address>
         <size>0x841</size>
         <input_file_ref idref="fl-6"/>
      </object_component>
      <object_component id="oc-a2">
         <name>.debug_info</name>
         <load_address>0x1c67f</load_address>
         <run_address>0x1c67f</run_address>
         <size>0x102</size>
         <input_file_ref idref="fl-7"/>
      </object_component>
      <object_component id="oc-a5">
         <name>.debug_info</name>
         <load_address>0x1c781</load_address>
         <run_address>0x1c781</run_address>
         <size>0x3c99</size>
         <input_file_ref idref="fl-8"/>
      </object_component>
      <object_component id="oc-ab">
         <name>.debug_info</name>
         <load_address>0x2041a</load_address>
         <run_address>0x2041a</run_address>
         <size>0x473c</size>
         <input_file_ref idref="fl-9"/>
      </object_component>
      <object_component id="oc-b0">
         <name>.debug_info</name>
         <load_address>0x24b56</load_address>
         <run_address>0x24b56</run_address>
         <size>0x13e58</size>
         <input_file_ref idref="fl-a"/>
      </object_component>
      <object_component id="oc-b5">
         <name>.debug_info</name>
         <load_address>0x389ae</load_address>
         <run_address>0x389ae</run_address>
         <size>0xf3dc</size>
         <input_file_ref idref="fl-b"/>
      </object_component>
      <object_component id="oc-ba">
         <name>.debug_info</name>
         <load_address>0x47d8a</load_address>
         <run_address>0x47d8a</run_address>
         <size>0xf3dc</size>
         <input_file_ref idref="fl-c"/>
      </object_component>
      <object_component id="oc-bf">
         <name>.debug_info</name>
         <load_address>0x57166</load_address>
         <run_address>0x57166</run_address>
         <size>0x5449</size>
         <input_file_ref idref="fl-d"/>
      </object_component>
      <object_component id="oc-c4">
         <name>.debug_info</name>
         <load_address>0x5c5af</load_address>
         <run_address>0x5c5af</run_address>
         <size>0x19c75</size>
         <input_file_ref idref="fl-e"/>
      </object_component>
      <object_component id="oc-c9">
         <name>.debug_info</name>
         <load_address>0x76224</load_address>
         <run_address>0x76224</run_address>
         <size>0xf3db</size>
         <input_file_ref idref="fl-f"/>
      </object_component>
      <object_component id="oc-ce">
         <name>.debug_info</name>
         <load_address>0x855ff</load_address>
         <run_address>0x855ff</run_address>
         <size>0x1656</size>
         <input_file_ref idref="fl-10"/>
      </object_component>
      <object_component id="oc-d3">
         <name>.debug_info</name>
         <load_address>0x86c55</load_address>
         <run_address>0x86c55</run_address>
         <size>0x19eb</size>
         <input_file_ref idref="fl-11"/>
      </object_component>
      <object_component id="oc-de">
         <name>.debug_info</name>
         <load_address>0x88640</load_address>
         <run_address>0x88640</run_address>
         <size>0x490b</size>
         <input_file_ref idref="fl-12"/>
      </object_component>
      <object_component id="oc-e3">
         <name>.debug_info</name>
         <load_address>0x8cf4b</load_address>
         <run_address>0x8cf4b</run_address>
         <size>0x17c41</size>
         <input_file_ref idref="fl-13"/>
      </object_component>
      <object_component id="oc-e8">
         <name>.debug_info</name>
         <load_address>0xa4b8c</load_address>
         <run_address>0xa4b8c</run_address>
         <size>0x10375</size>
         <input_file_ref idref="fl-14"/>
      </object_component>
      <object_component id="oc-ed">
         <name>.debug_info</name>
         <load_address>0xb4f01</load_address>
         <run_address>0xb4f01</run_address>
         <size>0x3573</size>
         <input_file_ref idref="fl-15"/>
      </object_component>
      <object_component id="oc-f2">
         <name>.debug_info</name>
         <load_address>0xb8474</load_address>
         <run_address>0xb8474</run_address>
         <size>0x671c</size>
         <input_file_ref idref="fl-16"/>
      </object_component>
      <object_component id="oc-f7">
         <name>.debug_info</name>
         <load_address>0xbeb90</load_address>
         <run_address>0xbeb90</run_address>
         <size>0x193</size>
         <input_file_ref idref="fl-17"/>
      </object_component>
      <object_component id="oc-f9">
         <name>.debug_info</name>
         <load_address>0xbed23</load_address>
         <run_address>0xbed23</run_address>
         <size>0xfd83</size>
         <input_file_ref idref="fl-18"/>
      </object_component>
      <object_component id="oc-fe">
         <name>.debug_info</name>
         <load_address>0xceaa6</load_address>
         <run_address>0xceaa6</run_address>
         <size>0xca59</size>
         <input_file_ref idref="fl-19"/>
      </object_component>
      <object_component id="oc-103">
         <name>.debug_info</name>
         <load_address>0xdb4ff</load_address>
         <run_address>0xdb4ff</run_address>
         <size>0x4db0</size>
         <input_file_ref idref="fl-1a"/>
      </object_component>
      <object_component id="oc-109">
         <name>.debug_info</name>
         <load_address>0xe02af</load_address>
         <run_address>0xe02af</run_address>
         <size>0x1097e</size>
         <input_file_ref idref="fl-1b"/>
      </object_component>
      <object_component id="oc-10e">
         <name>.debug_info</name>
         <load_address>0xf0c2d</load_address>
         <run_address>0xf0c2d</run_address>
         <size>0x2ad3</size>
         <input_file_ref idref="fl-1c"/>
      </object_component>
      <object_component id="oc-113">
         <name>.debug_info</name>
         <load_address>0xf3700</load_address>
         <run_address>0xf3700</run_address>
         <size>0x342d</size>
         <input_file_ref idref="fl-1d"/>
      </object_component>
      <object_component id="oc-11a">
         <name>.debug_info</name>
         <load_address>0xf6b2d</load_address>
         <run_address>0xf6b2d</run_address>
         <size>0x1fd7</size>
         <input_file_ref idref="fl-1e"/>
      </object_component>
      <object_component id="oc-11f">
         <name>.debug_info</name>
         <load_address>0xf8b04</load_address>
         <run_address>0xf8b04</run_address>
         <size>0xffc8</size>
         <input_file_ref idref="fl-1f"/>
      </object_component>
      <object_component id="oc-123">
         <name>.debug_info</name>
         <load_address>0x108acc</load_address>
         <run_address>0x108acc</run_address>
         <size>0x104</size>
         <input_file_ref idref="fl-20"/>
      </object_component>
      <object_component id="oc-126">
         <name>.debug_info</name>
         <load_address>0x108bd0</load_address>
         <run_address>0x108bd0</run_address>
         <size>0x5034d</size>
         <input_file_ref idref="fl-21"/>
      </object_component>
      <object_component id="oc-195">
         <name>.debug_info</name>
         <load_address>0x158f1d</load_address>
         <run_address>0x158f1d</run_address>
         <size>0x64c</size>
         <input_file_ref idref="fl-32"/>
      </object_component>
      <object_component id="oc-19c">
         <name>.debug_info</name>
         <load_address>0x159569</load_address>
         <run_address>0x159569</run_address>
         <size>0x173</size>
         <input_file_ref idref="fl-33"/>
      </object_component>
      <object_component id="oc-1a1">
         <name>.debug_info</name>
         <load_address>0x1596dc</load_address>
         <run_address>0x1596dc</run_address>
         <size>0x114</size>
         <input_file_ref idref="fl-34"/>
      </object_component>
      <object_component id="oc-1a6">
         <name>.debug_info</name>
         <load_address>0x1597f0</load_address>
         <run_address>0x1597f0</run_address>
         <size>0x176</size>
         <input_file_ref idref="fl-35"/>
      </object_component>
      <object_component id="oc-1aa">
         <name>.debug_info</name>
         <load_address>0x159966</load_address>
         <run_address>0x159966</run_address>
         <size>0x561</size>
         <input_file_ref idref="fl-36"/>
      </object_component>
      <object_component id="oc-1af">
         <name>.debug_info</name>
         <load_address>0x159ec7</load_address>
         <run_address>0x159ec7</run_address>
         <size>0x43a</size>
         <input_file_ref idref="fl-37"/>
      </object_component>
      <object_component id="oc-1b4">
         <name>.debug_info</name>
         <load_address>0x15a301</load_address>
         <run_address>0x15a301</run_address>
         <size>0x3ad</size>
         <input_file_ref idref="fl-38"/>
      </object_component>
      <object_component id="oc-1b9">
         <name>.debug_info</name>
         <load_address>0x15a6ae</load_address>
         <run_address>0x15a6ae</run_address>
         <size>0x3aa</size>
         <input_file_ref idref="fl-39"/>
      </object_component>
      <object_component id="oc-1be">
         <name>.debug_info</name>
         <load_address>0x15aa58</load_address>
         <run_address>0x15aa58</run_address>
         <size>0x544</size>
         <input_file_ref idref="fl-3a"/>
      </object_component>
      <object_component id="oc-1c5">
         <name>.debug_info</name>
         <load_address>0x15af9c</load_address>
         <run_address>0x15af9c</run_address>
         <size>0x4cc</size>
         <input_file_ref idref="fl-3b"/>
      </object_component>
      <object_component id="oc-1ca">
         <name>.debug_info</name>
         <load_address>0x15b468</load_address>
         <run_address>0x15b468</run_address>
         <size>0x467</size>
         <input_file_ref idref="fl-3c"/>
      </object_component>
      <object_component id="oc-1cf">
         <name>.debug_info</name>
         <load_address>0x15b8cf</load_address>
         <run_address>0x15b8cf</run_address>
         <size>0x4a7</size>
         <input_file_ref idref="fl-3d"/>
      </object_component>
      <object_component id="oc-1d5">
         <name>.debug_info</name>
         <load_address>0x15bd76</load_address>
         <run_address>0x15bd76</run_address>
         <size>0x502</size>
         <input_file_ref idref="fl-3e"/>
      </object_component>
      <object_component id="oc-1da">
         <name>.debug_info</name>
         <load_address>0x15c278</load_address>
         <run_address>0x15c278</run_address>
         <size>0x4e5</size>
         <input_file_ref idref="fl-3f"/>
      </object_component>
      <object_component id="oc-1df">
         <name>.debug_info</name>
         <load_address>0x15c75d</load_address>
         <run_address>0x15c75d</run_address>
         <size>0x26e8</size>
         <input_file_ref idref="fl-40"/>
[...]
      </symbol>
      <symbol id="sm-531">
         <name>_CanbRegs</name>
         <value>0x4a000</value>
         <object_component_ref idref="oc-190"/>
      </symbol>
      <symbol id="sm-532">
         <name>_ECap6Regs</name>
         <value>0x50a0</value>
         <object_component_ref idref="oc-156"/>
      </symbol>
      <symbol id="sm-533">
         <name>_DmaRegs</name>
         <value>0x1000</value>
         <object_component_ref idref="oc-180"/>
      </symbol>
      <symbol id="sm-534">
         <name>_XintRegs</name>
         <value>0x7070</value>
         <object_component_ref idref="oc-136"/>
      </symbol>
      <symbol id="sm-535">
         <name>_CpuTimer0Regs</name>
         <value>0xc00</value>
         <object_component_ref idref="oc-132"/>
      </symbol>
      <symbol id="sm-536">
         <name>_Cmpss5Regs</name>
         <value>0x5d00</value>
         <object_component_ref idref="oc-14a"/>
      </symbol>
      <symbol id="sm-537">
         <name>_Emif1Regs</name>
         <value>0x47000</value>
         <object_component_ref idref="oc-174"/>
      </symbol>
      <symbol id="sm-538">
         <name>_AccessProtectionRegs</name>
         <value>0x5f4c0</value>
         <object_component_ref idref="oc-170"/>
      </symbol>
      <symbol id="sm-539">
         <name>_MemCfgRegs</name>
         <value>0x5f400</value>
         <object_component_ref idref="oc-17b"/>
      </symbol>
      <symbol id="sm-53a">
         <name>_DacaRegs</name>
         <value>0x5c00</value>
         <object_component_ref idref="oc-12f"/>
      </symbol>
      <symbol id="sm-53b">
         <name>_McbspbRegs</name>
         <value>0x6040</value>
         <object_component_ref idref="oc-168"/>
      </symbol>
      <symbol id="sm-53c">
         <name>_EPwm6Regs</name>
         <value>0x4500</value>
         <object_component_ref idref="oc-187"/>
      </symbol>
      <symbol id="sm-53d">
         <name>_AdcaRegs</name>
         <value>0x7400</value>
         <object_component_ref idref="oc-176"/>
      </symbol>
      <symbol id="sm-53e">
         <name>_SciaRegs</name>
         <value>0x7200</value>
         <object_component_ref idref="oc-137"/>
      </symbol>
      <symbol id="sm-53f">
         <name>_EPwm11Regs</name>
         <value>0x4a00</value>
         <object_component_ref idref="oc-18c"/>
      </symbol>
      <symbol id="sm-540">
         <name>_GpioDataRegs</name>
         <value>0x7f00</value>
         <object_component_ref idref="oc-16b"/>
      </symbol>
      <symbol id="sm-541">
         <name>_Sdfm1Regs</name>
         <value>0x5e00</value>
         <object_component_ref idref="oc-17c"/>
      </symbol>
      <symbol id="sm-542">
         <name>_Cmpss2Regs</name>
         <value>0x5ca0</value>
         <object_component_ref idref="oc-147"/>
      </symbol>
      <symbol id="sm-543">
         <name>_Emif2Regs</name>
         <value>0x47800</value>
         <object_component_ref idref="oc-175"/>
      </symbol>
      <symbol id="sm-544">
         <name>_DcsmZ1Regs</name>
         <value>0x5f000</value>
         <object_component_ref idref="oc-163"/>
      </symbol>
      <symbol id="sm-545">
         <name>_Flash0CtrlRegs</name>
         <value>0x5f800</value>
         <object_component_ref idref="oc-192"/>
      </symbol>
      <symbol id="sm-546">
         <name>_EPwm7Regs</name>
         <value>0x4600</value>
         <object_component_ref idref="oc-188"/>
      </symbol>
      <symbol id="sm-547">
         <name>_SpicRegs</name>
         <value>0x6120</value>
         <object_component_ref idref="oc-13f"/>
      </symbol>
      <symbol id="sm-548">
         <name>_EPwm10Regs</name>
         <value>0x4900</value>
         <object_component_ref idref="oc-18b"/>
      </symbol>
      <symbol id="sm-549">
         <name>_CpuTimer2Regs</name>
         <value>0xc10</value>
         <object_component_ref idref="oc-134"/>
      </symbol>
      <symbol id="sm-54a">
         <name>_DmaClaSrcSelRegs</name>
         <value>0x7980</value>
         <object_component_ref idref="oc-144"/>
      </symbol>
      <symbol id="sm-54b">
         <name>_AnalogSubsysRegs</name>
         <value>0x5d180</value>
         <object_component_ref idref="oc-172"/>
      </symbol>
      <symbol id="sm-54c">
         <name>_Cmpss3Regs</name>
         <value>0x5cc0</value>
         <object_component_ref idref="oc-148"/>
      </symbol>
      <symbol id="sm-54d">
         <name>_DaccRegs</name>
         <value>0x5c20</value>
         <object_component_ref idref="oc-131"/>
      </symbol>
      <symbol id="sm-54e">
         <name>_PieCtrlRegs</name>
         <value>0xce0</value>
         <object_component_ref idref="oc-145"/>
      </symbol>
      <symbol id="sm-54f">
         <name>_DevCfgRegs</name>
         <value>0x5d000</value>
         <object_component_ref idref="oc-18e"/>
      </symbol>
      <symbol id="sm-550">
         <name>_SpibRegs</name>
         <value>0x6110</value>
         <object_component_ref idref="oc-13e"/>
      </symbol>
      <symbol id="sm-551">
         <name>_AdccRegs</name>
         <value>0x7500</value>
         <object_component_ref idref="oc-179"/>
      </symbol>
      <symbol id="sm-552">
         <name>_ScicRegs</name>
         <value>0x7220</value>
         <object_component_ref idref="oc-13a"/>
      </symbol>
      <symbol id="sm-553">
         <name>_ECap1Regs</name>
         <value>0x5000</value>
         <object_component_ref idref="oc-150"/>
      </symbol>
      <symbol id="sm-554">
         <name>_EmuKey</name>
         <value>0xd00</value>
         <object_component_ref idref="oc-127"/>
      </symbol>
      <symbol id="sm-555">
         <name>_OutputXbarRegs</name>
         <value>0x7a80</value>
         <object_component_ref idref="oc-16f"/>
      </symbol>
      <symbol id="sm-556">
         <name>_MemoryErrorRegs</name>
         <value>0x5f500</value>
         <object_component_ref idref="oc-171"/>
      </symbol>
      <symbol id="sm-557">
         <name>_Cla1Regs</name>
         <value>0x1400</value>
         <object_component_ref idref="oc-16d"/>
      </symbol>
      <symbol id="sm-558">
         <name>_DcsmZ2Otp</name>
         <value>0x78200</value>
         <object_component_ref idref="oc-14f"/>
      </symbol>
      <symbol id="sm-559">
         <name>_EQep1Regs</name>
         <value>0x5100</value>
         <object_component_ref idref="oc-15c"/>
      </symbol>
      <symbol id="sm-55a">
         <name>_DacbRegs</name>
         <value>0x5c10</value>
         <object_component_ref idref="oc-130"/>
      </symbol>
      <symbol id="sm-55b">
         <name>_McbspaRegs</name>
         <value>0x6000</value>
         <object_component_ref idref="oc-166"/>
      </symbol>
      <symbol id="sm-55c">
         <name>_EPwm1Regs</name>
         <value>0x4000</value>
         <object_component_ref idref="oc-181"/>
      </symbol>
      <symbol id="sm-55d">
         <name>_AdcbRegs</name>
         <value>0x7480</value>
         <object_component_ref idref="oc-178"/>
      </symbol>
      <symbol id="sm-55e">
         <name>_ScibRegs</name>
         <value>0x7210</value>
         <object_component_ref idref="oc-139"/>
      </symbol>
      <symbol id="sm-55f">
         <name>_AdcaResultRegs</name>
         <value>0xb00</value>
         <object_component_ref idref="oc-140"/>
      </symbol>
      <symbol id="sm-560">
         <name>_ECap2Regs</name>
         <value>0x5020</value>
         <object_component_ref idref="oc-152"/>
      </symbol>
      <symbol id="sm-561">
         <name>_EPwm12Regs</name>
         <value>0x4b00</value>
         <object_component_ref idref="oc-18d"/>
      </symbol>
      <symbol id="sm-562">
         <name>_AdcbResultRegs</name>
         <value>0xb20</value>
         <object_component_ref idref="oc-141"/>
      </symbol>
      <symbol id="sm-563">
         <name>_AdccResultRegs</name>
         <value>0xb40</value>
         <object_component_ref idref="oc-142"/>
      </symbol>
      <symbol id="sm-564">
         <name>_Emif1ConfigRegs</name>
         <value>0x5f480</value>
         <object_component_ref idref="oc-15a"/>
      </symbol>
      <symbol id="sm-565">
         <name>_Sdfm2Regs</name>
         <value>0x5e80</value>
         <object_component_ref idref="oc-17e"/>
      </symbol>
      <symbol id="sm-566">
         <name>_AdcdResultRegs</name>
         <value>0xb60</value>
         <object_component_ref idref="oc-143"/>
      </symbol>
      <symbol id="sm-567">
         <name>_EQep2Regs</name>
         <value>0x5140</value>
         <object_component_ref idref="oc-15e"/>
      </symbol>
      <symbol id="sm-568">
         <name>_Cmpss1Regs</name>
         <value>0x5c80</value>
         <object_component_ref idref="oc-146"/>
      </symbol>
      <symbol id="sm-569">
         <name>_EPwm8Regs</name>
         <value>0x4700</value>
         <object_component_ref idref="oc-189"/>
      </symbol>
      <symbol id="sm-56a">
         <name>_Emif2ConfigRegs</name>
         <value>0x5f4a0</value>
         <object_component_ref idref="oc-15b"/>
      </symbol>
      <symbol id="sm-56b">
         <name>_DcsmCommonRegs</name>
         <value>0x5f070</value>
         <object_component_ref idref="oc-135"/>
      </symbol>
      <symbol id="sm-56c">
         <name>_EPwm2Regs</name>
         <value>0x4100</value>
         <object_component_ref idref="oc-183"/>
      </symbol>
      <symbol id="sm-56d">
         <name>_ECap3Regs</name>
         <value>0x5040</value>
         <object_component_ref idref="oc-153"/>
      </symbol>
      <symbol id="sm-56e">
         <name>_Cmpss8Regs</name>
         <value>0x5d60</value>
         <object_component_ref idref="oc-14d"/>
      </symbol>
      <symbol id="sm-56f">
         <name>_EQep3Regs</name>
         <value>0x5180</value>
         <object_component_ref idref="oc-15f"/>
      </symbol>
      <symbol id="sm-570">
         <name>_SyncSocRegs</name>
         <value>0x7940</value>
         <object_component_ref idref="oc-12d"/>
      </symbol>
      <symbol id="sm-571">
         <name>_EPwm9Regs</name>
         <value>0x4800</value>
         <object_component_ref idref="oc-18a"/>
      </symbol>
      <symbol id="sm-572">
         <name>_NmiIntruptRegs</name>
         <value>0x7060</value>
         <object_component_ref idref="oc-12e"/>
      </symbol>
      <symbol id="sm-573">
         <name>_EPwm3Regs</name>
         <value>0x4200</value>
         <object_component_ref idref="oc-184"/>
      </symbol>
      <symbol id="sm-574">
         <name>_I2caRegs</name>
         <value>0x7300</value>
         <object_component_ref idref="oc-160"/>
      </symbol>
      <symbol id="sm-582">
         <name>_sprintf</name>
         <value>0x84000</value>
         <object_component_ref idref="oc-27d"/>
      </symbol>
      <symbol id="sm-59d">
         <name>_c_int00</name>
         <value>0x83f55</value>
         <object_component_ref idref="oc-83"/>
      </symbol>
      <symbol id="sm-59e">
         <name>__stack</name>
         <value>0x400</value>
         <object_component_ref idref="oc-19a"/>
      </symbol>
      <symbol id="sm-5af">
         <name>FS$$DIV</name>
         <value>0x83df0</value>
         <object_component_ref idref="oc-1a0"/>
      </symbol>
      <symbol id="sm-5bb">
         <name>LL$$AND</name>
         <value>0x8427b</value>
         <object_component_ref idref="oc-1a5"/>
      </symbol>
      <symbol id="sm-5bc">
         <name>LL$$OR</name>
         <value>0x84283</value>
         <object_component_ref idref="oc-1a5"/>
      </symbol>
      <symbol id="sm-5bd">
         <name>LL$$XOR</name>
         <value>0x8428b</value>
         <object_component_ref idref="oc-1a5"/>
      </symbol>
      <symbol id="sm-5cc">
         <name>_copy_in</name>
         <value>0x84187</value>
         <object_component_ref idref="oc-262"/>
      </symbol>
      <symbol id="sm-5dd">
         <name>_memcpy</name>
         <value>0x84226</value>
         <object_component_ref idref="oc-270"/>
      </symbol>
      <symbol id="sm-5e9">
         <name>__system_pre_init</name>
         <value>0x84312</value>
         <object_component_ref idref="oc-261"/>
      </symbol>
      <symbol id="sm-5f6">
         <name>__system_post_cinit</name>
         <value>0x83fff</value>
         <object_component_ref idref="oc-263"/>
      </symbol>
      <symbol id="sm-60a">
         <name>C$$EXIT</name>
         <value>0x84111</value>
         <object_component_ref idref="oc-265"/>
      </symbol>
      <symbol id="sm-60b">
         <name>_exit</name>
         <value>0x84113</value>
         <object_component_ref idref="oc-265"/>
      </symbol>
      <symbol id="sm-60c">
         <name>___TI_cleanup_ptr</name>
         <value>0xa898</value>
         <object_component_ref idref="oc-1c0"/>
      </symbol>
      <symbol id="sm-60d">
         <name>___TI_enable_exit_profile_output</name>
         <value>0xa896</value>
         <object_component_ref idref="oc-1c0"/>
      </symbol>
      <symbol id="sm-60e">
         <name>_abort</name>
         <value>0x84111</value>
         <object_component_ref idref="oc-265"/>
      </symbol>
      <symbol id="sm-60f">
         <name>___TI_dtors_ptr</name>
         <value>0xa89a</value>
         <object_component_ref idref="oc-1c0"/>
      </symbol>
      <symbol id="sm-623">
         <name>__unlock</name>
         <value>0xa8aa</value>
         <object_component_ref idref="oc-286"/>
      </symbol>
      <symbol id="sm-624">
         <name>__lock</name>
         <value>0xa8a8</value>
         <object_component_ref idref="oc-272"/>
      </symbol>
      <symbol id="sm-625">
         <name>__register_lock</name>
         <value>0x842e4</value>
         <object_component_ref idref="oc-27e"/>
      </symbol>
      <symbol id="sm-626">
         <name>__nop</name>
         <value>0x842e8</value>
         <object_component_ref idref="oc-27e"/>
      </symbol>
      <symbol id="sm-627">
         <name>__register_unlock</name>
         <value>0x842e0</value>
         <object_component_ref idref="oc-27e"/>
      </symbol>
      <symbol id="sm-636">
         <name>__args_main</name>
         <value>0x84293</value>
         <object_component_ref idref="oc-264"/>
      </symbol>
      <symbol id="sm-647">
         <name>_ltoa</name>
         <value>0x840e7</value>
         <object_component_ref idref="oc-27c"/>
      </symbol>
      <symbol id="sm-655">
         <name>_memset</name>
         <value>0x84303</value>
         <object_component_ref idref="oc-28d"/>
      </symbol>
      <symbol id="sm-662">
         <name>_strcpy</name>
         <value>0x8430a</value>
         <object_component_ref idref="oc-284"/>
      </symbol>
      <symbol id="sm-7c2">
         <name>___TI_printfi</name>
         <value>0x82c1f</value>
         <object_component_ref idref="oc-285"/>
      </symbol>
      <symbol id="sm-7d2">
         <name>FD$$CMP</name>
         <value>0x84093</value>
         <object_component_ref idref="oc-1e6"/>
      </symbol>
      <symbol id="sm-7e4">
         <name>FD$$MPY</name>
         <value>0x83e78</value>
         <object_component_ref idref="oc-1eb"/>
      </symbol>
      <symbol id="sm-7f1">
         <name>FD$$NEG</name>
         <value>0x842e9</value>
         <object_component_ref idref="oc-1f0"/>
      </symbol>
      <symbol id="sm-7fd">
         <name>FD$$SUB</name>
         <value>0x842c6</value>
         <object_component_ref idref="oc-1f5"/>
      </symbol>
      <symbol id="sm-80c">
         <name>FD$$TOI</name>
         <value>0x841ab</value>
         <object_component_ref idref="oc-1fa"/>
      </symbol>
      <symbol id="sm-81b">
         <name>FD$$TOL</name>
         <value>0x841cc</value>
         <object_component_ref idref="oc-1ff"/>
      </symbol>
      <symbol id="sm-829">
         <name>ULL$$CMP</name>
         <value>0x841fd</value>
         <object_component_ref idref="oc-204"/>
      </symbol>
      <symbol id="sm-82a">
         <name>LL$$CMP</name>
         <value>0x841eb</value>
         <object_component_ref idref="oc-204"/>
      </symbol>
      <symbol id="sm-856">
         <name>ULL$$MOD</name>
         <value>0x83abe</value>
         <object_component_ref idref="oc-209"/>
      </symbol>
      <symbol id="sm-857">
         <name>ULL$$DIV</name>
         <value>0x83a8f</value>
         <object_component_ref idref="oc-209"/>
      </symbol>
      <symbol id="sm-858">
         <name>LL$$MOD</name>
         <value>0x83a55</value>
         <object_component_ref idref="oc-209"/>
      </symbol>
      <symbol id="sm-859">
         <name>LL$$DIV</name>
         <value>0x83a19</value>
         <object_component_ref idref="oc-209"/>
      </symbol>
      <symbol id="sm-869">
         <name>I$$TOFD</name>
         <value>0x84209</value>
         <object_component_ref idref="oc-20e"/>
      </symbol>
      <symbol id="sm-879">
         <name>L$$TOFD</name>
         <value>0x8425f</value>
         <object_component_ref idref="oc-213"/>
      </symbol>
      <symbol id="sm-885">
         <name>UL$$MOD</name>
         <value>0x840e1</value>
         <object_component_ref idref="oc-218"/>
      </symbol>
      <symbol id="sm-886">
         <name>L$$MOD</name>
         <value>0x840cc</value>
         <object_component_ref idref="oc-218"/>
      </symbol>
      <symbol id="sm-887">
         <name>L$$DIV</name>
         <value>0x840bd</value>
         <object_component_ref idref="oc-218"/>
      </symbol>
      <symbol id="sm-888">
         <name>UL$$DIV</name>
         <value>0x840da</value>
         <object_component_ref idref="oc-218"/>
      </symbol>
      <symbol id="sm-898">
         <name>FS$$TOFD</name>
         <value>0x84243</value>
         <object_component_ref idref="oc-21d"/>
      </symbol>
      <symbol id="sm-8af">
         <name>FD$$DIV</name>
         <value>0x83d65</value>
         <object_component_ref idref="oc-222"/>
      </symbol>
      <symbol id="sm-8bd">
         <name>___TI_ltoa</name>
         <value>0x84063</value>
         <object_component_ref idref="oc-289"/>
      </symbol>
      <symbol id="sm-8d1">
         <name>_atoi</name>
         <value>0x84032</value>
         <object_component_ref idref="oc-287"/>
      </symbol>
      <symbol id="sm-8d9">
         <name>__ctypes_</name>
         <value>0x901c0</value>
         <object_component_ref idref="oc-290"/>
      </symbol>
      <symbol id="sm-8e8">
         <name>_memccpy</name>
         <value>0x842b6</value>
         <object_component_ref idref="oc-28e"/>
      </symbol>
      <symbol id="sm-8f7">
         <name>_strchr</name>
         <value>0x842d4</value>
         <object_component_ref idref="oc-28c"/>
      </symbol>
      <symbol id="sm-904">
         <name>_strlen</name>
         <value>0x842fb</value>
         <object_component_ref idref="oc-288"/>
      </symbol>
      <symbol id="sm-917">
         <name>_frexpl</name>
         <value>0x83efb</value>
         <object_component_ref idref="oc-28a"/>
      </symbol>
      <symbol id="sm-935">
         <name>_scalbnl</name>
         <value>0x83c1b</value>
         <object_component_ref idref="oc-28b"/>
      </symbol>
      <symbol id="sm-936">
         <name>_ldexpl</name>
         <value>0x83c1b</value>
         <object_component_ref idref="oc-28b"/>
      </symbol>
      <symbol id="sm-944">
         <name>_wcslen</name>
         <value>0x842f2</value>
         <object_component_ref idref="oc-28f"/>
      </symbol>
      <symbol id="sm-95f">
         <name>FD$$ADD</name>
         <value>0x83cc9</value>
         <object_component_ref idref="oc-253"/>
      </symbol>
      <symbol id="sm-969">
         <name>_errno</name>
         <value>0xa8af</value>
         <object_component_ref idref="oc-25a"/>
      </symbol>
      <symbol id="sm-976">
         <name>_copysignl</name>
         <value>0x84162</value>
         <object_component_ref idref="oc-291"/>
      </symbol>
   </symbol_table>
   <title>Link successful</title>
</link_info>
