******************************************************************************
             TMS320C2000 Linker PC v20.2.1                     
******************************************************************************
>> Linked Tue Feb  2 15:11:34 2021

OUTPUT FILE NAME:   <UGent_Metabolische_Kamer.out>
ENTRY POINT SYMBOL: "_c_int00"  address: 00083f55


MEMORY CONFIGURATION

         name            origin    length      used     unused   attr    fill
----------------------  --------  ---------  --------  --------  ----  --------
PAGE 0:
  RAMM0                 00000122   000002de  00000000  000002de  RWIX
  RAMLS0                00008000   00000800  0000004c  000007b4  RWIX
  RAMLS1                00008800   00000800  00000000  00000800  RWIX
  RAMLS2                00009000   00000800  00000000  00000800  RWIX
  RAMLS3                00009800   00000800  00000000  00000800  RWIX
  RAMLS4                0000a000   00000800  00000000  00000800  RWIX
  RAMD0                 0000b000   00000800  00000000  00000800  RWIX
  RAMGS14               0001a000   00001000  00000000  00001000  RWIX
  RAMGS15               0001b000   00001000  00000000  00001000  RWIX
  BEGIN                 00080000   00000002  00000002  00000000  RWIX
  FLASHA                00080002   00001ffe  00000000  00001ffe  RWIX
  FLASHB                00082000   00002000  00001ffe  00000002  RWIX
  FLASHC                00084000   00002000  00000314  00001cec  RWIX
  FLASHD                00086000   00002000  0000004c  00001fb4  RWIX
  FLASHE                00088000   00008000  00000000  00008000  RWIX
  FLASHF                00090000   00008000  0000038a  00007c76  RWIX
  FLASHG                00098000   00008000  00000000  00008000  RWIX
  FLASHH                000a0000   00008000  00000000  00008000  RWIX
  FLASHI                000a8000   00008000  00000000  00008000  RWIX
  FLASHJ                000b0000   00008000  00000000  00008000  RWIX
  FLASHK                000b8000   00002000  00000000  00002000  RWIX
  FLASHL                000ba000   00002000  00000000  00002000  RWIX
  FLASHM                000bc000   00002000  00000000  00002000  RWIX
  FLASHN                000be000   00002000  00000000  00002000  RWIX
  RESET                 003fffc0   00000002  00000000  00000002  RWIX

PAGE 1:
  BOOT_RSVD             00000002   00000120  00000000  00000120  RWIX
  RAMM1                 00000400   00000400  00000200  00000200  RWIX
  ADCA_RESULT           00000b00   00000020  00000018  00000008  RWIX
  ADCB_RESULT           00000b20   00000020  00000018  00000008  RWIX
  ADCC_RESULT           00000b40   00000020  00000018  00000008  RWIX
  ADCD_RESULT           00000b60   00000020  00000018  00000008  RWIX
  CPU_TIMER0            00000c00   00000008  00000008  00000000  RWIX
  CPU_TIMER1            00000c08   00000008  00000008  00000000  RWIX
  CPU_TIMER2            00000c10   00000008  00000008  00000000  RWIX
  PIE_CTRL              00000ce0   00000020  0000001a  00000006  RWIX
  PIE_VECT              00000d00   00000200  000001c0  00000040  RWIX
  DMA                   00001000   00000200  000000e0  00000120  RWIX
  CLA1                  00001400   00000040  0000003e  00000002  RWIX
  EPWM1                 00004000   00000100  00000100  00000000  RWIX
  EPWM2                 00004100   00000100  00000100  00000000  RWIX
  EPWM3                 00004200   00000100  00000100  00000000  RWIX
  EPWM4                 00004300   00000100  00000100  00000000  RWIX
  EPWM5                 00004400   00000100  00000100  00000000  RWIX
  EPWM6                 00004500   00000100  00000100  00000000  RWIX
  EPWM7                 00004600   00000100  00000100  00000000  RWIX
  EPWM8                 00004700   00000100  00000100  00000000  RWIX
  EPWM9                 00004800   00000100  00000100  00000000  RWIX
  EPWM10                00004900   00000100  00000100  00000000  RWIX
  EPWM11                00004a00   00000100  00000100  00000000  RWIX
  EPWM12                00004b00   00000100  00000100  00000000  RWIX
  ECAP1                 00005000   00000020  00000020  00000000  RWIX
  ECAP2                 00005020   00000020  00000020  00000000  RWIX
  ECAP3                 00005040   00000020  00000020  00000000  RWIX
  ECAP4                 00005060   00000020  00000020  00000000  RWIX
  ECAP5                 00005080   00000020  00000020  00000000  RWIX
  ECAP6                 000050a0   00000020  00000020  00000000  RWIX
  EQEP1                 00005100   00000040  00000022  0000001e  RWIX
  EQEP2                 00005140   00000040  00000022  0000001e  RWIX
  EQEP3                 00005180   00000040  00000022  0000001e  RWIX
  DACA                  00005c00   00000010  00000008  00000008  RWIX
  DACB                  00005c10   00000010  00000008  00000008  RWIX
  DACC                  00005c20   00000010  00000008  00000008  RWIX
  CMPSS1                00005c80   00000020  00000020  00000000  RWIX
  CMPSS2                00005ca0   00000020  00000020  00000000  RWIX
  CMPSS3                00005cc0   00000020  00000020  00000000  RWIX
  CMPSS4                00005ce0   00000020  00000020  00000000  RWIX
  CMPSS5                00005d00   00000020  00000020  00000000  RWIX
  CMPSS6                00005d20   00000020  00000020  00000000  RWIX
  CMPSS7                00005d40   00000020  00000020  00000000  RWIX
  CMPSS8                00005d60   00000020  00000020  00000000  RWIX
  SDFM1                 00005e00   00000080  00000080  00000000  RWIX
  SDFM2                 00005e80   00000080  00000080  00000000  RWIX
  MCBSPA                00006000   00000040  00000024  0000001c  RWIX
  MCBSPB                00006040   00000040  00000024  0000001c  RWIX
  SPIA                  00006100   00000010  00000010  00000000  RWIX
  SPIB                  00006110   00000010  00000010  00000000  RWIX
  SPIC                  00006120   00000010  00000010  00000000  RWIX
  SPID                  00006130   00000010  00000000  00000010  RWIX
  UPP                   00006200   00000100  00000048  000000b8  RWIX
  WD                    00007000   00000040  0000002b  00000015  RWIX
  NMIINTRUPT            00007060   00000010  00000007  00000009  RWIX
  XINT                  00007070   00000010  0000000b  00000005  RWIX
  SCIA                  00007200   00000010  00000010  00000000  RWIX
  SCIB                  00007210   00000010  00000010  00000000  RWIX
  SCIC                  00007220   00000010  00000010  00000000  RWIX
  SCID                  00007230   00000010  00000010  00000000  RWIX
  I2CA                  00007300   00000040  00000022  0000001e  RWIX
  I2CB                  00007340   00000040  00000022  0000001e  RWIX
  ADCA                  00007400   00000080  00000080  00000000  RWIX
  ADCB                  00007480   00000080  00000080  00000000  RWIX
  ADCC                  00007500   00000080  00000080  00000000  RWIX
  ADCD                  00007580   00000080  00000080  00000000  RWIX
  INPUT_XBAR            00007900   00000020  00000020  00000000  RWIX
  XBAR                  00007920   00000020  00000020  00000000  RWIX
  SYNC_SOC              00007940   00000010  00000006  0000000a  RWIX
  DMACLASRCSEL          00007980   00000040  0000001a  00000026  RWIX
  EPWM_XBAR             00007a00   00000040  00000040  00000000  RWIX
  CLB_XBAR              00007a40   00000040  00000000  00000040  RWIX
  OUTPUT_XBAR           00007a80   00000040  00000040  00000000  RWIX
  GPIOCTRL              00007c00   00000180  00000180  00000000  RWIX
  GPIODAT               00007f00   00000030  00000030  00000000  RWIX
  RAMLS5                0000a800   00000800  000000b0  00000750  RWIX
  RAMD1                 0000b800   00000800  00000000  00000800  RWIX
  RAMGS0                0000c000   00001000  00000000  00001000  RWIX
  RAMGS1                0000d000   00001000  00000000  00001000  RWIX
  RAMGS2                0000e000   00001000  00000000  00001000  RWIX
  RAMGS3                0000f000   00001000  00000000  00001000  RWIX
  RAMGS4                00010000   00001000  00000000  00001000  RWIX
  RAMGS5                00011000   00001000  00000000  00001000  RWIX
  RAMGS6                00012000   00001000  00000000  00001000  RWIX
  RAMGS7                00013000   00001000  00000000  00001000  RWIX
  RAMGS8                00014000   00001000  00000000  00001000  RWIX
  RAMGS9                00015000   00001000  00000000  00001000  RWIX
  RAMGS10               00016000   00001000  00000000  00001000  RWIX
  RAMGS11               00017000   00001000  00000000  00001000  RWIX
  RAMGS12               00018000   00001000  00000000  00001000  RWIX
  RAMGS13               00019000   00001000  00000000  00001000  RWIX
  CPU2TOCPU1RAM         0003f800   00000400  00000000  00000400  RWIX
  CPU1TOCPU2RAM         0003fc00   00000400  00000088  00000378  RWIX
  EMIF1                 00047000   00000800  00000070  00000790  RWIX
  EMIF2                 00047800   00000800  00000070  00000790  RWIX
  CANA                  00048000   00000800  00000164  0000069c  RWIX
  CANB                  0004a000   00000800  00000164  0000069c  RWIX
  IPC                   00050000   00000024  00000024  00000000  RWIX
  FLASHPUMPSEMAPHORE    00050024   00000002  00000002  00000000  RWIX
  DEV_CFG               0005d000   00000180  0000012e  00000052  RWIX
  ANALOG_SUBSYS         0005d180   00000080  00000048  00000038  RWIX
  CLK_CFG               0005d200   00000100  00000032  000000ce  RWIX
  CPU_SYS               0005d300   00000100  00000082  0000007e  RWIX
  ROMPREFETCH           0005e608   00000002  00000002  00000000  RWIX
  DCSM_Z1               0005f000   00000030  00000024  0000000c  RWIX
  DCSM_Z2               0005f040   00000030  00000024  0000000c  RWIX
  DCSM_COMMON           0005f070   00000010  00000008  00000008  RWIX
  MEMCFG                0005f400   00000080  00000080  00000000  RWIX
  EMIF1CONFIG           0005f480   00000020  00000020  00000000  RWIX
  EMIF2CONFIG           0005f4a0   00000020  00000020  00000000  RWIX
  ACCESSPROTECTION      0005f4c0   00000040  00000040  00000000  RWIX
  MEMORYERROR           0005f500   00000040  00000040  00000000  RWIX
  ROMWAITSTATE          0005f540   00000002  00000002  00000000  RWIX
  FLASH0_CTRL           0005f800   00000300  00000182  0000017e  RWIX
  FLASH0_ECC            0005fb00   00000040  00000028  00000018  RWIX
  DCSM_Z1_OTP           00078000   00000020  00000020  00000000  RWIX
  DCSM_Z2_OTP           00078200   00000020  00000020  00000000  RWIX


SECTION ALLOCATION MAP

 output                                  attributes/
section   page    origin      length       input sections
--------  ----  ----------  ----------   ----------------
.cinit     0    00082000    000000ca     
                  00082000    00000021     F2837xD_struct.obj (.cinit:_TRIP_SEL)
                  00082021    0000001d     F2837xD_struct.obj (.cinit:_EPWM)
                  0008203e    00000014     7segment.obj (.cinit:_sevenSeg_numberArray)
                  00082052    00000011     F2837xD_struct.obj (.cinit:_ECAP)
                  00082063    0000000e     rts2800_fpu32.lib : exit.c.obj (.cinit)
                  00082071    0000000d     F2837xD_struct.obj (.cinit:_ADC)
                  0008207e    0000000b     F2837xD_struct.obj (.cinit:_EQEP)
                  00082089    0000000b     F2837xD_struct.obj (.cinit:_SPI)
                  00082094    00000009     F2837xD_struct.obj (.cinit:_SDFM)
                  0008209d    00000007     F2837xD_struct.obj (.cinit:_I2C)
                  000820a4    00000007     F2837xD_struct.obj (.cinit:_MCBSP)
                  000820ab    00000007     F2837xD_struct.obj (.cinit:_SCI)
                  000820b2    00000005     rts2800_fpu32.lib : _lock.c.obj (.cinit:__lock)
                  000820b7    00000005                       : _lock.c.obj (.cinit:__unlock)
                  000820bc    00000004     F2837xD_sci_io.obj (.cinit)
                  000820c0    00000004     main.obj (.cinit:_mawAdcMeasurements)
                  000820c4    00000004     rts2800_fpu32.lib : errno.c.obj (.cinit)
                  000820c8    00000002     --HOLE-- [fill = 0]

.pinit     0    00082000    00000000     UNINITIALIZED

codestart 
*          0    00080000    00000002     
                  00080000    00000002     F2837xD_CodeStartBranch.obj (codestart)

.TI.ramfunc 
*          0    00086000    0000004c     RUN ADDR = 00008000
                  00086000    00000048     F2837xD_SysCtrl.obj (.TI.ramfunc)
                  00086048    00000004     F2837xD_usDelay.obj (.TI.ramfunc)

.stack     1    00000400    00000200     UNINITIALIZED
                  00000400    00000200     --HOLE--

.reset     0    003fffc0    00000002     DSECT
                  003fffc0    00000002     rts2800_fpu32.lib : boot28.asm.obj (.reset)

AdcaResultFile 
*          1    00000b00    00000018     UNINITIALIZED
                  00000b00    00000018     F2837xD_GlobalVariableDefs.obj (AdcaResultFile)

AdcbResultFile 
*          1    00000b20    00000018     UNINITIALIZED
                  00000b20    00000018     F2837xD_GlobalVariableDefs.obj (AdcbResultFile)

AdccResultFile 
*          1    00000b40    00000018     UNINITIALIZED
                  00000b40    00000018     F2837xD_GlobalVariableDefs.obj (AdccResultFile)

AdcdResultFile 
*          1    00000b60    00000018     UNINITIALIZED
                  00000b60    00000018     F2837xD_GlobalVariableDefs.obj (AdcdResultFile)

PUTBUFFER 
*          1    0003fc00    00000080     UNINITIALIZED
                  0003fc00    00000080     F2837xD_Ipc_Driver.obj (PUTBUFFER)

PUTWRITEIDX 
*          1    0003fc80    00000004     UNINITIALIZED
                  0003fc80    00000004     F2837xD_Ipc_Driver.obj (PUTWRITEIDX)

GETREADIDX 
*          1    0003fc84    00000004     UNINITIALIZED
                  0003fc84    00000004     F2837xD_Ipc_Driver.obj (GETREADIDX)

GETBUFFER 
*          0    0003f800    00000080     DSECT
                  0003f800    00000080     F2837xD_Ipc_Driver.obj (GETBUFFER)

GETWRITEIDX 
*          0    0003f880    00000004     DSECT
                  0003f880    00000004     F2837xD_Ipc_Driver.obj (GETWRITEIDX)

PUTREADIDX 
*          0    0003f884    00000004     DSECT
                  0003f884    00000004     F2837xD_Ipc_Driver.obj (PUTREADIDX)

.econst    0    00090000    0000038a     
                  00090000    000001c0     F2837xD_PieVect.obj (.econst:_PieVectTableInit)
                  000901c0    00000101     rts2800_fpu32.lib : ctype.c.obj (.econst:.string:__ctypes_)
                  000902c1    00000001     --HOLE-- [fill = 0]
                  000902c2    0000003b     main.obj (.econst:.string)
                  000902fd    00000001     --HOLE-- [fill = 0]
                  000902fe    00000026     rts2800_fpu32.lib : _printfi.c.obj (.econst:.string)
                  00090324    00000025                       : ltoa.c.obj (.econst:.string)
                  00090349    00000001     --HOLE-- [fill = 0]
                  0009034a    0000001c                       : _printfi.c.obj (.econst)
                  00090366    0000001c                       : s_scalbn.c.obj (.econst)
                  00090382    00000008                       : s_frexp.c.obj (.econst)

CpuTimer0RegsFile 
*          1    00000c00    00000008     UNINITIALIZED
                  00000c00    00000008     F2837xD_GlobalVariableDefs.obj (CpuTimer0RegsFile)

CpuTimer1RegsFile 
*          1    00000c08    00000008     UNINITIALIZED
                  00000c08    00000008     F2837xD_GlobalVariableDefs.obj (CpuTimer1RegsFile)

CpuTimer2RegsFile 
*          1    00000c10    00000008     UNINITIALIZED
                  00000c10    00000008     F2837xD_GlobalVariableDefs.obj (CpuTimer2RegsFile)

PieCtrlRegsFile 
*          1    00000ce0    0000001a     UNINITIALIZED
                  00000ce0    0000001a     F2837xD_GlobalVariableDefs.obj (PieCtrlRegsFile)

PieVectTableFile 
*          1    00000d00    000001c0     UNINITIALIZED
                  00000d00    000001c0     F2837xD_GlobalVariableDefs.obj (PieVectTableFile)

EmuKeyVar 
*          1    00000d00    00000001     UNINITIALIZED
                  00000d00    00000001     F2837xD_GlobalVariableDefs.obj (EmuKeyVar)

EmuBModeVar 
*          1    00000d01    00000001     UNINITIALIZED
                  00000d01    00000001     F2837xD_GlobalVariableDefs.obj (EmuBModeVar)

FlashCallbackVar 
*          1    00000d02    00000000     UNINITIALIZED

FlashScalingVar 
*          1    00000d02    00000000     UNINITIALIZED

DmaRegsFile 
*          1    00001000    000000e0     UNINITIALIZED
                  00001000    000000e0     F2837xD_GlobalVariableDefs.obj (DmaRegsFile)

Cla1RegsFile 
*          1    00001400    0000003e     UNINITIALIZED
                  00001400    0000003e     F2837xD_GlobalVariableDefs.obj (Cla1RegsFile)

EPwm1RegsFile 
*          1    00004000    00000100     UNINITIALIZED
                  00004000    00000100     F2837xD_GlobalVariableDefs.obj (EPwm1RegsFile)

EPwm2RegsFile 
*          1    00004100    00000100     UNINITIALIZED
                  00004100    00000100     F2837xD_GlobalVariableDefs.obj (EPwm2RegsFile)

EPwm3RegsFile 
*          1    00004200    00000100     UNINITIALIZED
                  00004200    00000100     F2837xD_GlobalVariableDefs.obj (EPwm3RegsFile)

EPwm4RegsFile 
*          1    00004300    00000100     UNINITIALIZED
                  00004300    00000100     F2837xD_GlobalVariableDefs.obj (EPwm4RegsFile)

EPwm5RegsFile 
*          1    00004400    00000100     UNINITIALIZED
                  00004400    00000100     F2837xD_GlobalVariableDefs.obj (EPwm5RegsFile)

EPwm6RegsFile 
*          1    00004500    00000100     UNINITIALIZED
                  00004500    00000100     F2837xD_GlobalVariableDefs.obj (EPwm6RegsFile)

EPwm7RegsFile 
*          1    00004600    00000100     UNINITIALIZED
                  00004600    00000100     F2837xD_GlobalVariableDefs.obj (EPwm7RegsFile)

EPwm8RegsFile 
*          1    00004700    00000100     UNINITIALIZED
                  00004700    00000100     F2837xD_GlobalVariableDefs.obj (EPwm8RegsFile)

EPwm9RegsFile 
*          1    00004800    00000100     UNINITIALIZED
                  00004800    00000100     F2837xD_GlobalVariableDefs.obj (EPwm9RegsFile)

EPwm10RegsFile 
*          1    00004900    00000100     UNINITIALIZED
                  00004900    00000100     F2837xD_GlobalVariableDefs.obj (EPwm10RegsFile)

EPwm11RegsFile 
*          1    00004a00    00000100     UNINITIALIZED
                  00004a00    00000100     F2837xD_GlobalVariableDefs.obj (EPwm11RegsFile)

EPwm12RegsFile 
*          1    00004b00    00000100     UNINITIALIZED
                  00004b00    00000100     F2837xD_GlobalVariableDefs.obj (EPwm12RegsFile)

ECap1RegsFile 
*          1    00005000    00000020     UNINITIALIZED
                  00005000    00000020     F2837xD_GlobalVariableDefs.obj (ECap1RegsFile)

ECap2RegsFile 
*          1    00005020    00000020     UNINITIALIZED
                  00005020    00000020     F2837xD_GlobalVariableDefs.obj (ECap2RegsFile)

ECap3RegsFile 
*          1    00005040    00000020     UNINITIALIZED
                  00005040    00000020     F2837xD_GlobalVariableDefs.obj (ECap3RegsFile)

ECap4RegsFile 
*          1    00005060    00000020     UNINITIALIZED
                  00005060    00000020     F2837xD_GlobalVariableDefs.obj (ECap4RegsFile)

ECap5RegsFile 
*          1    00005080    00000020     UNINITIALIZED
                  00005080    00000020     F2837xD_GlobalVariableDefs.obj (ECap5RegsFile)

ECap6RegsFile 
*          1    000050a0    00000020     UNINITIALIZED
                  000050a0    00000020     F2837xD_GlobalVariableDefs.obj (ECap6RegsFile)

EQep1RegsFile 
*          1    00005100    00000022     UNINITIALIZED
                  00005100    00000022     F2837xD_GlobalVariableDefs.obj (EQep1RegsFile)

EQep2RegsFile 
*          1    00005140    00000022     UNINITIALIZED
                  00005140    00000022     F2837xD_GlobalVariableDefs.obj (EQep2RegsFile)

EQep3RegsFile 
*          1    00005180    00000022     UNINITIALIZED
                  00005180    00000022     F2837xD_GlobalVariableDefs.obj (EQep3RegsFile)

DacaRegsFile 
*          1    00005c00    00000008     UNINITIALIZED
                  00005c00    00000008     F2837xD_GlobalVariableDefs.obj (DacaRegsFile)

DacbRegsFile 
*          1    00005c10    00000008     UNINITIALIZED
                  00005c10    00000008     F2837xD_GlobalVariableDefs.obj (DacbRegsFile)

DaccRegsFile 
*          1    00005c20    00000008     UNINITIALIZED
                  00005c20    00000008     F2837xD_GlobalVariableDefs.obj (DaccRegsFile)

Sdfm1RegsFile 
*          1    00005e00    00000080     UNINITIALIZED
                  00005e00    00000080     F2837xD_GlobalVariableDefs.obj (Sdfm1RegsFile)

Sdfm2RegsFile 
*          1    00005e80    00000080     UNINITIALIZED
                  00005e80    00000080     F2837xD_GlobalVariableDefs.obj (Sdfm2RegsFile)

McbspaRegsFile 
*          1    00006000    00000024     UNINITIALIZED
                  00006000    00000024     F2837xD_GlobalVariableDefs.obj (McbspaRegsFile)

McbspbRegsFile 
*          1    00006040    00000024     UNINITIALIZED
                  00006040    00000024     F2837xD_GlobalVariableDefs.obj (McbspbRegsFile)

SpiaRegsFile 
*          1    00006100    00000010     UNINITIALIZED
                  00006100    00000010     F2837xD_GlobalVariableDefs.obj (SpiaRegsFile)

SpibRegsFile 
*          1    00006110    00000010     UNINITIALIZED
                  00006110    00000010     F2837xD_GlobalVariableDefs.obj (SpibRegsFile)

SpicRegsFile 
*          1    00006120    00000010     UNINITIALIZED
                  00006120    00000010     F2837xD_GlobalVariableDefs.obj (SpicRegsFile)

UppRegsFile 
*          1    00006200    00000048     UNINITIALIZED
                  00006200    00000048     F2837xD_GlobalVariableDefs.obj (UppRegsFile)

WdRegsFile 
*          1    00007000    0000002b     UNINITIALIZED
                  00007000    0000002b     F2837xD_GlobalVariableDefs.obj (WdRegsFile)

NmiIntruptRegsFile 
*          1    00007060    00000007     UNINITIALIZED
                  00007060    00000007     F2837xD_GlobalVariableDefs.obj (NmiIntruptRegsFile)

XintRegsFile 
*          1    00007070    0000000b     UNINITIALIZED
                  00007070    0000000b     F2837xD_GlobalVariableDefs.obj (XintRegsFile)

SciaRegsFile 
*          1    00007200    00000010     UNINITIALIZED
                  00007200    00000010     F2837xD_GlobalVariableDefs.obj (SciaRegsFile)

ScibRegsFile 
*          1    00007210    00000010     UNINITIALIZED
                  00007210    00000010     F2837xD_GlobalVariableDefs.obj (ScibRegsFile)

ScicRegsFile 
*          1    00007220    00000010     UNINITIALIZED
                  00007220    00000010     F2837xD_GlobalVariableDefs.obj (ScicRegsFile)

ScidRegsFile 
*          1    00007230    00000010     UNINITIALIZED
                  00007230    00000010     F2837xD_GlobalVariableDefs.obj (ScidRegsFile)

I2caRegsFile 
*          1    00007300    00000022     UNINITIALIZED
                  00007300    00000022     F2837xD_GlobalVariableDefs.obj (I2caRegsFile)

I2cbRegsFile 
*          1    00007340    00000022     UNINITIALIZED
                  00007340    00000022     F2837xD_GlobalVariableDefs.obj (I2cbRegsFile)

AdcaRegsFile 
*          1    00007400    00000080     UNINITIALIZED
                  00007400    00000080     F2837xD_GlobalVariableDefs.obj (AdcaRegsFile)

AdcbRegsFile 
*          1    00007480    00000080     UNINITIALIZED
                  00007480    00000080     F2837xD_GlobalVariableDefs.obj (AdcbRegsFile)

AdccRegsFile 
*          1    00007500    00000080     UNINITIALIZED
                  00007500    00000080     F2837xD_GlobalVariableDefs.obj (AdccRegsFile)

AdcdRegsFile 
*          1    00007580    00000080     UNINITIALIZED
                  00007580    00000080     F2837xD_GlobalVariableDefs.obj (AdcdRegsFile)

CanaRegsFile 
*          1    00048000    00000164     UNINITIALIZED
                  00048000    00000164     F2837xD_GlobalVariableDefs.obj (CanaRegsFile)

CanbRegsFile 
*          1    0004a000    00000164     UNINITIALIZED
                  0004a000    00000164     F2837xD_GlobalVariableDefs.obj (CanbRegsFile)

AnalogSubsysRegsFile 
*          1    0005d180    00000048     UNINITIALIZED
                  0005d180    00000048     F2837xD_GlobalVariableDefs.obj (AnalogSubsysRegsFile)

Cla1SoftIntRegsFile 
*          1    00000ce0    00000004     DSECT
                  00000ce0    00000004     F2837xD_GlobalVariableDefs.obj (Cla1SoftIntRegsFile)

Cmpss1RegsFile 
*          1    00005c80    00000020     UNINITIALIZED
                  00005c80    00000020     F2837xD_GlobalVariableDefs.obj (Cmpss1RegsFile)

Cmpss2RegsFile 
*          1    00005ca0    00000020     UNINITIALIZED
                  00005ca0    00000020     F2837xD_GlobalVariableDefs.obj (Cmpss2RegsFile)

Cmpss3RegsFile 
*          1    00005cc0    00000020     UNINITIALIZED
                  00005cc0    00000020     F2837xD_GlobalVariableDefs.obj (Cmpss3RegsFile)

Cmpss4RegsFile 
*          1    00005ce0    00000020     UNINITIALIZED
                  00005ce0    00000020     F2837xD_GlobalVariableDefs.obj (Cmpss4RegsFile)

Cmpss5RegsFile 
*          1    00005d00    00000020     UNINITIALIZED
                  00005d00    00000020     F2837xD_GlobalVariableDefs.obj (Cmpss5RegsFile)

Cmpss6RegsFile 
*          1    00005d20    00000020     UNINITIALIZED
                  00005d20    00000020     F2837xD_GlobalVariableDefs.obj (Cmpss6RegsFile)

Cmpss7RegsFile 
*          1    00005d40    00000020     UNINITIALIZED
                  00005d40    00000020     F2837xD_GlobalVariableDefs.obj (Cmpss7RegsFile)

Cmpss8RegsFile 
*          1    00005d60    00000020     UNINITIALIZED
                  00005d60    00000020     F2837xD_GlobalVariableDefs.obj (Cmpss8RegsFile)

InputXbarRegsFile 
*          1    00007900    00000020     UNINITIALIZED
                  00007900    00000020     F2837xD_GlobalVariableDefs.obj (InputXbarRegsFile)

XbarRegsFile 
*          1    00007920    00000020     UNINITIALIZED
                  00007920    00000020     F2837xD_GlobalVariableDefs.obj (XbarRegsFile)

SyncSocRegsFile 
*          1    00007940    00000006     UNINITIALIZED
                  00007940    00000006     F2837xD_GlobalVariableDefs.obj (SyncSocRegsFile)

DmaClaSrcSelRegsFile 
*          1    00007980    0000001a     UNINITIALIZED
                  00007980    0000001a     F2837xD_GlobalVariableDefs.obj (DmaClaSrcSelRegsFile)

EPwmXbarRegsFile 
*          1    00007a00    00000040     UNINITIALIZED
                  00007a00    00000040     F2837xD_GlobalVariableDefs.obj (EPwmXbarRegsFile)

OutputXbarRegsFile 
*          1    00007a80    00000040     UNINITIALIZED
                  00007a80    00000040     F2837xD_GlobalVariableDefs.obj (OutputXbarRegsFile)

GpioCtrlRegsFile 
*          1    00007c00    00000180     UNINITIALIZED
                  00007c00    00000180     F2837xD_GlobalVariableDefs.obj (GpioCtrlRegsFile)

GpioDataRegsFile 
*          1    00007f00    00000030     UNINITIALIZED
                  00007f00    00000030     F2837xD_GlobalVariableDefs.obj (GpioDataRegsFile)

Emif1RegsFile 
*          1    00047000    00000070     UNINITIALIZED
                  00047000    00000070     F2837xD_GlobalVariableDefs.obj (Emif1RegsFile)

Emif2RegsFile 
*          1    00047800    00000070     UNINITIALIZED
                  00047800    00000070     F2837xD_GlobalVariableDefs.obj (Emif2RegsFile)

IpcRegsFile 
*          1    00050000    00000024     UNINITIALIZED
                  00050000    00000024     F2837xD_GlobalVariableDefs.obj (IpcRegsFile)

FlashPumpSemaphoreRegsFile 
*          1    00050024    00000002     UNINITIALIZED
                  00050024    00000002     F2837xD_GlobalVariableDefs.obj (FlashPumpSemaphoreRegsFile)

RomPrefetchRegsFile 
*          1    0005e608    00000002     UNINITIALIZED
                  0005e608    00000002     F2837xD_GlobalVariableDefs.obj (RomPrefetchRegsFile)

DcsmZ1RegsFile 
*          1    0005f000    00000024     UNINITIALIZED
                  0005f000    00000024     F2837xD_GlobalVariableDefs.obj (DcsmZ1RegsFile)

DcsmZ2RegsFile 
*          1    0005f040    00000024     UNINITIALIZED
                  0005f040    00000024     F2837xD_GlobalVariableDefs.obj (DcsmZ2RegsFile)

DcsmCommonRegsFile 
*          1    0005f070    00000008     UNINITIALIZED
                  0005f070    00000008     F2837xD_GlobalVariableDefs.obj (DcsmCommonRegsFile)

MemCfgRegsFile 
*          1    0005f400    00000080     UNINITIALIZED
                  0005f400    00000080     F2837xD_GlobalVariableDefs.obj (MemCfgRegsFile)

Emif1ConfigRegsFile 
*          1    0005f480    00000020     UNINITIALIZED
                  0005f480    00000020     F2837xD_GlobalVariableDefs.obj (Emif1ConfigRegsFile)

Emif2ConfigRegsFile 
*          1    0005f4a0    00000020     UNINITIALIZED
                  0005f4a0    00000020     F2837xD_GlobalVariableDefs.obj (Emif2ConfigRegsFile)

AccessProtectionRegsFile 
*          1    0005f4c0    00000040     UNINITIALIZED
                  0005f4c0    00000040     F2837xD_GlobalVariableDefs.obj (AccessProtectionRegsFile)

MemoryErrorRegsFile 
*          1    0005f500    00000040     UNINITIALIZED
                  0005f500    00000040     F2837xD_GlobalVariableDefs.obj (MemoryErrorRegsFile)

RomWaitStateRegsFile 
*          1    0005f540    00000002     UNINITIALIZED
                  0005f540    00000002     F2837xD_GlobalVariableDefs.obj (RomWaitStateRegsFile)

Flash0CtrlRegsFile 
*          1    0005f800    00000182     UNINITIALIZED
                  0005f800    00000182     F2837xD_GlobalVariableDefs.obj (Flash0CtrlRegsFile)

Flash0EccRegsFile 
*          1    0005fb00    00000028     UNINITIALIZED
                  0005fb00    00000028     F2837xD_GlobalVariableDefs.obj (Flash0EccRegsFile)

DcsmZ1OtpFile 
*          1    00078000    00000020     NOLOAD SECTION
                  00078000    00000020     F2837xD_GlobalVariableDefs.obj (DcsmZ1OtpFile)

DcsmZ2OtpFile 
*          1    00078200    00000020     NOLOAD SECTION
                  00078200    00000020     F2837xD_GlobalVariableDefs.obj (DcsmZ2OtpFile)

DevCfgRegsFile 
*          1    0005d000    0000012e     UNINITIALIZED
                  0005d000    0000012e     F2837xD_GlobalVariableDefs.obj (DevCfgRegsFile)

ClkCfgRegsFile 
*          1    0005d200    00000032     UNINITIALIZED
                  0005d200    00000032     F2837xD_GlobalVariableDefs.obj (ClkCfgRegsFile)

CpuSysRegsFile 
*          1    0005d300    00000082     UNINITIALIZED
                  0005d300    00000082     F2837xD_GlobalVariableDefs.obj (CpuSysRegsFile)

.text.1    0    000820cc    00001f34     
                  000820cc    00000ce4     rts2800_fpu32.lib : _printfi.c.obj (.text)
                  00082db0    00000585     F2837xD_DefaultISR.obj (.text:retain)
                  00083335    00000382     F2837xD_SysCtrl.obj (.text)
                  000836b7    000001cb     F2837xD_Gpio.obj (.text)
                  00083882    00000197     main.obj (.text)
                  00083a19    00000107     rts2800_fpu32.lib : ll_div28.asm.obj (.text)
                  00083b20    000000fb     7segment.obj (.text)
                  00083c1b    000000ae     rts2800_fpu32.lib : s_scalbn.c.obj (.text)
                  00083cc9    0000009c                       : fd_add28.asm.obj (.text)
                  00083d65    0000008b                       : fd_div28.asm.obj (.text)
                  00083df0    00000088                       : fs_div28.asm.obj (.text)
                  00083e78    00000083                       : fd_mpy28.asm.obj (.text)
                  00083efb    0000005a                       : s_frexp.c.obj (.text)
                  00083f55    00000056                       : boot28.asm.obj (.text)
                  00083fab    00000054     F2837xD_Spi.obj (.text)
                  00083fff    00000001     rts2800_fpu32.lib : startup.c.obj (.text)

.text.2    0    00084000    00000314     
                  00084000    00000032     rts2800_fpu32.lib : sprintf.c.obj (.text)
                  00084032    00000031                       : atoi.c.obj (.text)
                  00084063    00000030                       : _ltoa.c.obj (.text)
                  00084093    0000002a                       : fd_cmp28.asm.obj (.text)
                  000840bd    0000002a                       : l_div28.asm.obj (.text)
                  000840e7    0000002a                       : ltoa.c.obj (.text)
                  00084111    00000029                       : exit.c.obj (.text)
                  0008413a    00000028     F2837xD_PieCtrl.obj (.text)
                  00084162    00000025     rts2800_fpu32.lib : s_copysign.c.obj (.text)
                  00084187    00000024                       : cpy_tbl.c.obj (.text)
                  000841ab    00000021                       : fd_toi28.asm.obj (.text)
                  000841cc    0000001f                       : fd_tol28.asm.obj (.text)
                  000841eb    0000001e                       : ll_cmp28.asm.obj (.text)
                  00084209    0000001d                       : i_tofd28.asm.obj (.text)
                  00084226    0000001d                       : memcpy.c.obj (.text)
                  00084243    0000001c                       : fs_tofdfpu32.asm.obj (.text)
                  0008425f    0000001c                       : l_tofd28.asm.obj (.text)
                  0008427b    00000018                       : ll_aox28.asm.obj (.text)
                  00084293    00000012                       : args_main.c.obj (.text)
                  000842a5    00000011     F2837xD_PieVect.obj (.text)
                  000842b6    00000010     rts2800_fpu32.lib : memccpy.c.obj (.text)
                  000842c6    0000000e                       : fd_sub28.asm.obj (.text)
                  000842d4    0000000c                       : strchr.c.obj (.text)
                  000842e0    00000009                       : _lock.c.obj (.text)
                  000842e9    00000009                       : fd_neg28.asm.obj (.text)
                  000842f2    00000009                       : wcslen.c.obj (.text)
                  000842fb    00000008                       : strlen.c.obj (.text)
                  00084303    00000007                       : memset.c.obj (.text)
                  0008430a    00000005                       : strcpy.c.obj (.text)
                  0008430f    00000003     F2837xD_DBGIER.obj (.text)
                  00084312    00000002     rts2800_fpu32.lib : pre_init.c.obj (.text)

.ebss      1    0000a800    000000b0     UNINITIALIZED
                  0000a800    0000001e     F2837xD_struct.obj (.ebss:_TRIP_SEL)
                  0000a81e    0000001a     F2837xD_struct.obj (.ebss:_EPWM)
                  0000a838    00000008     F2837xD_struct.obj (.ebss:_EQEP)
                  0000a840    00000018     F2837xD_CpuTimers.obj (.ebss)
                  0000a858    00000011     7segment.obj (.ebss:_sevenSeg_numberArray)
                  0000a869    00000001     F2837xD_sci_io.obj (.ebss)
                  0000a86a    0000000e     F2837xD_struct.obj (.ebss:_ECAP)
                  0000a878    00000008     F2837xD_struct.obj (.ebss:_SPI)
                  0000a880    0000000a     F2837xD_struct.obj (.ebss:_ADC)
                  0000a88a    00000006     F2837xD_TempSensorConv.obj (.ebss)
                  0000a890    00000006     F2837xD_struct.obj (.ebss:_SDFM)
                  0000a896    00000006     rts2800_fpu32.lib : exit.c.obj (.ebss)
                  0000a89c    00000004     F2837xD_struct.obj (.ebss:_I2C)
                  0000a8a0    00000004     F2837xD_struct.obj (.ebss:_MCBSP)
                  0000a8a4    00000004     F2837xD_struct.obj (.ebss:_SCI)
                  0000a8a8    00000002     rts2800_fpu32.lib : _lock.c.obj (.ebss:__lock)
                  0000a8aa    00000002                       : _lock.c.obj (.ebss:__unlock)
                  0000a8ac    00000002     main.obj (.ebss:_mawAdcMeasurements)
                  0000a8ae    00000001     main.obj (.ebss)
                  0000a8af    00000001     rts2800_fpu32.lib : errno.c.obj (.ebss)

MODULE SUMMARY

       Module                           code   initialized data   uninitialized data
       ------                           ----   ----------------   ------------------
    .\
       main.obj                         407    63                 3                 
       7segment.obj                     251    20                 17                
    +--+--------------------------------+------+------------------+--------------------+
       Total:                           658    83                 20                
                                                                                    
    .\Common\
       F2837xD_DefaultISR.obj           1413   0                  0                 
       F2837xD_SysCtrl.obj              1042   0                  0                 
       F2837xD_PieVect.obj              17     448                0                 
       F2837xD_Gpio.obj                 459    0                  0                 
       F2837xD_struct.obj               0      144                114               
       F2837xD_Ipc_Driver.obj           0      0                  136               
       F2837xD_Spi.obj                  84     0                  0                 
       F2837xD_PieCtrl.obj              40     0                  0                 
       F2837xD_CpuTimers.obj            0      0                  24                
       F2837xD_usDelay.obj              8      0                  0                 
       F2837xD_TempSensorConv.obj       0      0                  6                 
       F2837xD_sci_io.obj               0      4                  1                 
       F2837xD_DBGIER.obj               3      0                  0                 
       F2837xD_CodeStartBranch.obj      2      0                  0                 
    +--+--------------------------------+------+------------------+--------------------+
       Total:                           3068   596                281               
                                                                                    
    .\Header\
       F2837xD_GlobalVariableDefs.obj   0      0                  8759              
    +--+--------------------------------+------+------------------+--------------------+
       Total:                           0      0                  8759              
                                                                                    
    C:\ti\ccs1011\ccs\tools\compiler\ti-cgt-c2000_20.2.1.LTS\lib\rts2800_fpu32.lib
       _printfi.c.obj                   3300   66                 0                 
       ll_div28.asm.obj                 263    0                  0                 
       ctype.c.obj                      0      257                0                 
       s_scalbn.c.obj                   174    28                 0                 
       fd_add28.asm.obj                 156    0                  0                 
       fd_div28.asm.obj                 139    0                  0                 
       fs_div28.asm.obj                 136    0                  0                 
       fd_mpy28.asm.obj                 131    0                  0                 
       s_frexp.c.obj                    90     8                  0                 
       boot28.asm.obj                   86     0                  0                 
       ltoa.c.obj                       42     37                 0                 
       exit.c.obj                       41     14                 6                 
       sprintf.c.obj                    50     0                  0                 
       atoi.c.obj                       49     0                  0                 
       _ltoa.c.obj                      48     0                  0                 
       fd_cmp28.asm.obj                 42     0                  0                 
       l_div28.asm.obj                  42     0                  0                 
       s_copysign.c.obj                 37     0                  0                 
       cpy_tbl.c.obj                    36     0                  0                 
       fd_toi28.asm.obj                 33     0                  0                 
       fd_tol28.asm.obj                 31     0                  0                 
       ll_cmp28.asm.obj                 30     0                  0                 
       i_tofd28.asm.obj                 29     0                  0                 
       memcpy.c.obj                     29     0                  0                 
       fs_tofdfpu32.asm.obj             28     0                  0                 
       l_tofd28.asm.obj                 28     0                  0                 
       ll_aox28.asm.obj                 24     0                  0                 
       _lock.c.obj                      9      10                 4                 
       args_main.c.obj                  18     0                  0                 
       memccpy.c.obj                    16     0                  0                 
       fd_sub28.asm.obj                 14     0                  0                 
       strchr.c.obj                     12     0                  0                 
       fd_neg28.asm.obj                 9      0                  0                 
       wcslen.c.obj                     9      0                  0                 
       strlen.c.obj                     8      0                  0                 
       memset.c.obj                     7      0                  0                 
       errno.c.obj                      0      4                  1                 
       strcpy.c.obj                     5      0                  0                 
       pre_init.c.obj                   2      0                  0                 
       startup.c.obj                    1      0                  0                 
    +--+--------------------------------+------+------------------+--------------------+
       Total:                           5204   424                11                
                                                                                    
       Stack:                           0      0                  512               
    +--+--------------------------------+------+------------------+--------------------+
       Grand Total:                     8930   1103               9583              


GLOBAL DATA SYMBOLS: SORTED BY DATA PAGE

address     data page           name
--------    ----------------    ----
00000400      10 (00000400)     __stack

00000b00      2c (00000b00)     _AdcaResultRegs
00000b20      2c (00000b00)     _AdcbResultRegs

00000b40      2d (00000b40)     _AdccResultRegs
00000b60      2d (00000b40)     _AdcdResultRegs

00000c00      30 (00000c00)     _CpuTimer0Regs
00000c08      30 (00000c00)     _CpuTimer1Regs
00000c10      30 (00000c00)     _CpuTimer2Regs

00000ce0      33 (00000cc0)     _Cla1SoftIntRegs
00000ce0      33 (00000cc0)     _PieCtrlRegs

00000d00      34 (00000d00)     _EmuKey
00000d00      34 (00000d00)     _PieVectTable
00000d01      34 (00000d00)     _EmuBMode

00001000      40 (00001000)     _DmaRegs

00001400      50 (00001400)     _Cla1Regs

00004000     100 (00004000)     _EPwm1Regs

00004100     104 (00004100)     _EPwm2Regs

00004200     108 (00004200)     _EPwm3Regs

00004300     10c (00004300)     _EPwm4Regs

00004400     110 (00004400)     _EPwm5Regs

00004500     114 (00004500)     _EPwm6Regs

00004600     118 (00004600)     _EPwm7Regs

00004700     11c (00004700)     _EPwm8Regs

00004800     120 (00004800)     _EPwm9Regs

00004900     124 (00004900)     _EPwm10Regs

00004a00     128 (00004a00)     _EPwm11Regs

00004b00     12c (00004b00)     _EPwm12Regs

00005000     140 (00005000)     _ECap1Regs
00005020     140 (00005000)     _ECap2Regs

00005040     141 (00005040)     _ECap3Regs
00005060     141 (00005040)     _ECap4Regs

00005080     142 (00005080)     _ECap5Regs
000050a0     142 (00005080)     _ECap6Regs

00005100     144 (00005100)     _EQep1Regs

00005140     145 (00005140)     _EQep2Regs

00005180     146 (00005180)     _EQep3Regs

00005c00     170 (00005c00)     _DacaRegs
00005c10     170 (00005c00)     _DacbRegs
00005c20     170 (00005c00)     _DaccRegs

00005c80     172 (00005c80)     _Cmpss1Regs
00005ca0     172 (00005c80)     _Cmpss2Regs

00005cc0     173 (00005cc0)     _Cmpss3Regs
00005ce0     173 (00005cc0)     _Cmpss4Regs

00005d00     174 (00005d00)     _Cmpss5Regs
00005d20     174 (00005d00)     _Cmpss6Regs

00005d40     175 (00005d40)     _Cmpss7Regs
00005d60     175 (00005d40)     _Cmpss8Regs

00005e00     178 (00005e00)     _Sdfm1Regs

00005e80     17a (00005e80)     _Sdfm2Regs

00006000     180 (00006000)     _McbspaRegs

00006040     181 (00006040)     _McbspbRegs

00006100     184 (00006100)     _SpiaRegs
00006110     184 (00006100)     _SpibRegs
00006120     184 (00006100)     _SpicRegs

00006200     188 (00006200)     _UppRegs

00007000     1c0 (00007000)     _WdRegs

00007060     1c1 (00007040)     _NmiIntruptRegs
00007070     1c1 (00007040)     _XintRegs

00007200     1c8 (00007200)     _SciaRegs
00007210     1c8 (00007200)     _ScibRegs
00007220     1c8 (00007200)     _ScicRegs
00007230     1c8 (00007200)     _ScidRegs

00007300     1cc (00007300)     _I2caRegs

00007340     1cd (00007340)     _I2cbRegs

00007400     1d0 (00007400)     _AdcaRegs

00007480     1d2 (00007480)     _AdcbRegs

00007500     1d4 (00007500)     _AdccRegs

00007580     1d6 (00007580)     _AdcdRegs

00007900     1e4 (00007900)     _InputXbarRegs
00007920     1e4 (00007900)     _XbarRegs

00007940     1e5 (00007940)     _SyncSocRegs

00007980     1e6 (00007980)     _DmaClaSrcSelRegs

00007a00     1e8 (00007a00)     _EPwmXbarRegs

00007a80     1ea (00007a80)     _OutputXbarRegs

00007c00     1f0 (00007c00)     _GpioCtrlRegs

00007f00     1fc (00007f00)     _GpioDataRegs

0000a800     2a0 (0000a800)     _TRIP_SEL
0000a81e     2a0 (0000a800)     _EPWM
0000a838     2a0 (0000a800)     _EQEP

0000a840     2a1 (0000a840)     _CpuTimer0
0000a848     2a1 (0000a840)     _CpuTimer1
0000a850     2a1 (0000a840)     _CpuTimer2
0000a858     2a1 (0000a840)     _sevenSeg_numberArray
0000a869     2a1 (0000a840)     _deviceOpen
0000a86a     2a1 (0000a840)     _ECAP
0000a878     2a1 (0000a840)     _SPI

0000a880     2a2 (0000a880)     _ADC
0000a88a     2a2 (0000a880)     _tempSensor_tempSlope
0000a88c     2a2 (0000a880)     _tempSensor_tempOffset
0000a88e     2a2 (0000a880)     _tempSensor_scaleFactor
0000a890     2a2 (0000a880)     _SDFM
0000a896     2a2 (0000a880)     ___TI_enable_exit_profile_output
0000a898     2a2 (0000a880)     ___TI_cleanup_ptr
0000a89a     2a2 (0000a880)     ___TI_dtors_ptr
0000a89c     2a2 (0000a880)     _I2C
0000a8a0     2a2 (0000a880)     _MCBSP
0000a8a4     2a2 (0000a880)     _SCI
0000a8a8     2a2 (0000a880)     __lock
0000a8aa     2a2 (0000a880)     __unlock
0000a8ac     2a2 (0000a880)     _mawAdcMeasurements
0000a8ae     2a2 (0000a880)     _LoopCount
0000a8af     2a2 (0000a880)     _errno

0003f800     fe0 (0003f800)     _g_asIPCCPU2toCPU1Buffers

0003f880     fe2 (0003f880)     _g_usGetWriteIndexes
0003f884     fe2 (0003f880)     _g_usPutReadIndexes

0003fc00     ff0 (0003fc00)     _g_asIPCCPU1toCPU2Buffers

0003fc80     ff2 (0003fc80)     _g_usPutWriteIndexes
0003fc84     ff2 (0003fc80)     _g_usGetReadIndexes

00047000    11c0 (00047000)     _Emif1Regs

00047800    11e0 (00047800)     _Emif2Regs

00048000    1200 (00048000)     _CanaRegs

0004a000    1280 (0004a000)     _CanbRegs

00050000    1400 (00050000)     _IpcRegs
00050024    1400 (00050000)     _FlashPumpSemaphoreRegs

0005d000    1740 (0005d000)     _DevCfgRegs

0005d180    1746 (0005d180)     _AnalogSubsysRegs

0005d200    1748 (0005d200)     _ClkCfgRegs

0005d300    174c (0005d300)     _CpuSysRegs

0005e608    1798 (0005e600)     _RomPrefetchRegs

0005f000    17c0 (0005f000)     _DcsmZ1Regs

0005f040    17c1 (0005f040)     _DcsmZ2Regs
0005f070    17c1 (0005f040)     _DcsmCommonRegs

0005f400    17d0 (0005f400)     _MemCfgRegs

0005f480    17d2 (0005f480)     _Emif1ConfigRegs
0005f4a0    17d2 (0005f480)     _Emif2ConfigRegs

0005f4c0    17d3 (0005f4c0)     _AccessProtectionRegs

0005f500    17d4 (0005f500)     _MemoryErrorRegs

0005f540    17d5 (0005f540)     _RomWaitStateRegs

0005f800    17e0 (0005f800)     _Flash0CtrlRegs

0005fb00    17ec (0005fb00)     _Flash0EccRegs

00078000    1e00 (00078000)     _DcsmZ1Otp

00078200    1e08 (00078200)     _DcsmZ2Otp

00090000    2400 (00090000)     _PieVectTableInit

000901c0    2407 (000901c0)     __ctypes_


GLOBAL SYMBOLS: SORTED ALPHABETICALLY BY Name 

page  address   name                                  
----  -------   ----                                  
abs   ffffffff  .text                                 
0     00084111  C$$EXIT                               
0     00083cc9  FD$$ADD                               
0     00084093  FD$$CMP                               
0     00083d65  FD$$DIV                               
0     00083e78  FD$$MPY                               
0     000842e9  FD$$NEG                               
0     000842c6  FD$$SUB                               
0     000841ab  FD$$TOI                               
0     000841cc  FD$$TOL                               
0     00083df0  FS$$DIV                               
0     00084243  FS$$TOFD                              
0     00084209  I$$TOFD                               
0     000840bd  L$$DIV                                
0     000840cc  L$$MOD                                
0     0008425f  L$$TOFD                               
0     0008427b  LL$$AND                               
0     000841eb  LL$$CMP                               
0     00083a19  LL$$DIV                               
0     00083a55  LL$$MOD                               
0     00084283  LL$$OR                                
0     0008428b  LL$$XOR                               
0     000840da  UL$$DIV                               
0     000840e1  UL$$MOD                               
0     000841fd  ULL$$CMP                              
0     00083a8f  ULL$$DIV                              
0     00083abe  ULL$$MOD                              
1     0000a880  _ADC                                  
0     0008332b  _ADCA1_ISR                            
0     00083321  _ADCA2_ISR                            
0     00083317  _ADCA3_ISR                            
0     0008330d  _ADCA4_ISR                            
0     00083303  _ADCA_EVT_ISR                         
0     000832f9  _ADCB1_ISR                            
0     000832ef  _ADCB2_ISR                            
0     000832e5  _ADCB3_ISR                            
0     000832db  _ADCB4_ISR                            
0     000832d1  _ADCB_EVT_ISR                         
0     000832c7  _ADCC1_ISR                            
0     000832bd  _ADCC2_ISR                            
0     000832b3  _ADCC3_ISR                            
0     000832a9  _ADCC4_ISR                            
0     0008329f  _ADCC_EVT_ISR                         
0     00083295  _ADCD1_ISR                            
0     0008328b  _ADCD2_ISR                            
0     00083281  _ADCD3_ISR                            
0     00083277  _ADCD4_ISR                            
0     0008326d  _ADCD_EVT_ISR                         
0     00083263  _AUX_PLL_SLIP_ISR                     
1     0005f4c0  _AccessProtectionRegs                 
1     00007400  _AdcaRegs                             
1     00000b00  _AdcaResultRegs                       
1     00007480  _AdcbRegs                             
1     00000b20  _AdcbResultRegs                       
1     00007500  _AdccRegs                             
1     00000b40  _AdccResultRegs                       
1     00007580  _AdcdRegs                             
1     00000b60  _AdcdResultRegs                       
1     0005d180  _AnalogSubsysRegs                     
0     00083543  _AuxAuxClkSel                         
0     0008355e  _AuxIntOsc2Sel                        
0     0008354d  _AuxXtalOscSel                        
0     00083259  _CANA0_ISR                            
0     0008324f  _CANA1_ISR                            
0     00083245  _CANB0_ISR                            
0     0008323b  _CANB1_ISR                            
0     00083231  _CLA1_1_ISR                           
0     00083227  _CLA1_2_ISR                           
0     0008321d  _CLA1_3_ISR                           
0     00083213  _CLA1_4_ISR                           
0     00083209  _CLA1_5_ISR                           
0     000831ff  _CLA1_6_ISR                           
0     000831f5  _CLA1_7_ISR                           
0     000831eb  _CLA1_8_ISR                           
0     000831e1  _CLA_OVERFLOW_ISR                     
0     000831d7  _CLA_UNDERFLOW_ISR                    
1     00048000  _CanaRegs                             
1     0004a000  _CanbRegs                             
1     00001400  _Cla1Regs                             
0     00000ce0  _Cla1SoftIntRegs                      
1     0005d200  _ClkCfgRegs                           
1     00005c80  _Cmpss1Regs                           
1     00005ca0  _Cmpss2Regs                           
1     00005cc0  _Cmpss3Regs                           
1     00005ce0  _Cmpss4Regs                           
1     00005d00  _Cmpss5Regs                           
1     00005d20  _Cmpss6Regs                           
1     00005d40  _Cmpss7Regs                           
1     00005d60  _Cmpss8Regs                           
1     0005d300  _CpuSysRegs                           
1     0000a840  _CpuTimer0                            
1     00000c00  _CpuTimer0Regs                        
1     0000a848  _CpuTimer1                            
1     00000c08  _CpuTimer1Regs                        
1     0000a850  _CpuTimer2                            
1     00000c10  _CpuTimer2Regs                        
0     00083696  _CsmUnlock                            
0     000831cd  _DATALOG_ISR                          
0     000831c3  _DMA_CH1_ISR                          
0     000831b9  _DMA_CH2_ISR                          
0     000831af  _DMA_CH3_ISR                          
0     000831a5  _DMA_CH4_ISR                          
0     0008319b  _DMA_CH5_ISR                          
0     00083191  _DMA_CH6_ISR                          
1     00005c00  _DacaRegs                             
1     00005c10  _DacbRegs                             
1     00005c20  _DaccRegs                             
1     0005f070  _DcsmCommonRegs                       
1     00078000  _DcsmZ1Otp                            
1     0005f000  _DcsmZ1Regs                           
1     00078200  _DcsmZ2Otp                            
1     0005f040  _DcsmZ2Regs                           
1     0005d000  _DevCfgRegs                           
0     00083449  _DisableDog                           
0     00083640  _DisablePeripheralClocks              
1     00007980  _DmaClaSrcSelRegs                     
1     00001000  _DmaRegs                              
1     0000a86a  _ECAP                                 
0     00083187  _ECAP1_ISR                            
0     0008317d  _ECAP2_ISR                            
0     00083173  _ECAP3_ISR                            
0     00083169  _ECAP4_ISR                            
0     0008315f  _ECAP5_ISR                            
0     00083155  _ECAP6_ISR                            
1     00005000  _ECap1Regs                            
1     00005020  _ECap2Regs                            
1     00005040  _ECap3Regs                            
1     00005060  _ECap4Regs                            
1     00005080  _ECap5Regs                            
1     000050a0  _ECap6Regs                            
0     0008314b  _EMIF_ERROR_ISR                       
0     0008313e  _EMPTY_ISR                            
0     00083134  _EMU_ISR                              
1     0000a81e  _EPWM                                 
0     0008312a  _EPWM10_ISR                           
0     00083120  _EPWM10_TZ_ISR                        
0     00083116  _EPWM11_ISR                           
0     0008310c  _EPWM11_TZ_ISR                        
0     00083102  _EPWM12_ISR                           
0     000830f8  _EPWM12_TZ_ISR                        
0     000830ee  _EPWM1_ISR                            
0     000830e4  _EPWM1_TZ_ISR                         
0     000830da  _EPWM2_ISR                            
0     000830d0  _EPWM2_TZ_ISR                         
0     000830c6  _EPWM3_ISR                            
0     000830bc  _EPWM3_TZ_ISR                         
0     000830b2  _EPWM4_ISR                            
0     000830a8  _EPWM4_TZ_ISR                         
0     0008309e  _EPWM5_ISR                            
0     00083094  _EPWM5_TZ_ISR                         
0     0008308a  _EPWM6_ISR                            
0     00083080  _EPWM6_TZ_ISR                         
0     00083076  _EPWM7_ISR                            
0     0008306c  _EPWM7_TZ_ISR                         
0     00083062  _EPWM8_ISR                            
0     00083058  _EPWM8_TZ_ISR                         
0     0008304e  _EPWM9_ISR                            
0     00083044  _EPWM9_TZ_ISR                         
1     00004900  _EPwm10Regs                           
1     00004a00  _EPwm11Regs                           
1     00004b00  _EPwm12Regs                           
1     00004000  _EPwm1Regs                            
1     00004100  _EPwm2Regs                            
1     00004200  _EPwm3Regs                            
1     00004300  _EPwm4Regs                            
1     00004400  _EPwm5Regs                            
1     00004500  _EPwm6Regs                            
1     00004600  _EPwm7Regs                            
1     00004700  _EPwm8Regs                            
1     00004800  _EPwm9Regs                            
1     00007a00  _EPwmXbarRegs                         
1     0000a838  _EQEP                                 
0     0008303a  _EQEP1_ISR                            
0     00083030  _EQEP2_ISR                            
0     00083026  _EQEP3_ISR                            
1     00005100  _EQep1Regs                            
1     00005140  _EQep2Regs                            
1     00005180  _EQep3Regs                            
1     0005f480  _Emif1ConfigRegs                      
1     00047000  _Emif1Regs                            
1     0005f4a0  _Emif2ConfigRegs                      
1     00047800  _Emif2Regs                            
1     00000d01  _EmuBMode                             
1     00000d00  _EmuKey                               
0     00084159  _EnableInterrupts                     
0     00008048  _F28x_usDelay                         
0     0008301c  _FLASH_CORRECTABLE_ERROR_ISR          
0     00083012  _FPU_OVERFLOW_ISR                     
0     00083008  _FPU_UNDERFLOW_ISR                    
1     0005f800  _Flash0CtrlRegs                       
1     0005fb00  _Flash0EccRegs                        
0     00008034  _FlashOff                             
1     00050024  _FlashPumpSemaphoreRegs               
0     00083872  _GPIO_EnableUnbondedIOPullups         
0     0008384d  _GPIO_EnableUnbondedIOPullupsFor100Pin
0     00083834  _GPIO_EnableUnbondedIOPullupsFor176Pin
0     00083820  _GPIO_ReadPin                         
0     000837fe  _GPIO_SetupLock                       
0     000837a9  _GPIO_SetupPinMux                     
0     00083724  _GPIO_SetupPinOptions                 
0     0008371d  _GPIO_SetupXINT1Gpio                  
0     00083716  _GPIO_SetupXINT2Gpio                  
0     0008370f  _GPIO_SetupXINT3Gpio                  
0     00083708  _GPIO_SetupXINT4Gpio                  
0     00083701  _GPIO_SetupXINT5Gpio                  
0     000836e7  _GPIO_WritePin                        
1     00007c00  _GpioCtrlRegs                         
1     00007f00  _GpioDataRegs                         
0     0008367d  _HALT                                 
0     0008365e  _HIB                                  
1     0000a89c  _I2C                                  
0     00082ffe  _I2CA_FIFO_ISR                        
0     00082ff4  _I2CA_ISR                             
0     00082fea  _I2CB_FIFO_ISR                        
0     00082fe0  _I2CB_ISR                             
1     00007300  _I2caRegs                             
1     00007340  _I2cbRegs                             
0     00083637  _IDLE                                 
0     00082fd6  _ILLEGAL_ISR                          
0     00082fcc  _IPC0_ISR                             
0     00082fc2  _IPC1_ISR                             
0     00082fb8  _IPC2_ISR                             
0     00082fae  _IPC3_ISR                             
0     0008356b  _InitAuxPll                           
0     00008000  _InitFlash                            
0     000836b7  _InitGpio                             
0     00083456  _InitPeripheralClocks                 
0     0008413a  _InitPieCtrl                          
0     000842a5  _InitPieVectTable                     
0     00083fdf  _InitSpi                              
0     00083fab  _InitSpiGpio                          
0     00083fab  _InitSpiaGpio                         
0     000834ff  _InitSysCtrl                          
0     0008338a  _InitSysPll                           
1     00007900  _InputXbarRegs                        
1     00050000  _IpcRegs                              
1     0000a8ae  _LoopCount                            
1     0000a8a0  _MCBSP                                
0     00082fa4  _MCBSPA_RX_ISR                        
0     00082f9a  _MCBSPA_TX_ISR                        
0     00082f90  _MCBSPB_RX_ISR                        
0     00082f86  _MCBSPB_TX_ISR                        
1     00006000  _McbspaRegs                           
1     00006040  _McbspbRegs                           
1     0005f400  _MemCfgRegs                           
1     0005f500  _MemoryErrorRegs                      
0     00082f7c  _NMI_ISR                              
0     00082f72  _NOTUSED_ISR                          
1     00007060  _NmiIntruptRegs                       
1     00007a80  _OutputXbarRegs                       
0     00082f68  _PIE_RESERVED_ISR                     
1     00000ce0  _PieCtrlRegs                          
1     00000d00  _PieVectTable                         
0     00090000  _PieVectTableInit                     
0     00082f5e  _RAM_ACCESS_VIOLATION_ISR             
0     00082f54  _RAM_CORRECTABLE_ERROR_ISR            
0     00082f4a  _RTOS_ISR                             
0     0008604c  _RamfuncsLoadEnd                      
abs   0000004c  _RamfuncsLoadSize                     
0     00086000  _RamfuncsLoadStart                    
0     0000804c  _RamfuncsRunEnd                       
abs   0000004c  _RamfuncsRunSize                      
0     00008000  _RamfuncsRunStart                     
0     00083380  _ReleaseFlashPump                     
1     0005e608  _RomPrefetchRegs                      
1     0005f540  _RomWaitStateRegs                     
1     0000a8a4  _SCI                                  
0     00082f40  _SCIA_RX_ISR                          
0     00082f36  _SCIA_TX_ISR                          
0     00082f2c  _SCIB_RX_ISR                          
0     00082f22  _SCIB_TX_ISR                          
0     00082f18  _SCIC_RX_ISR                          
0     00082f0e  _SCIC_TX_ISR                          
0     00082f04  _SCID_RX_ISR                          
0     00082efa  _SCID_TX_ISR                          
0     00082ef0  _SD1_ISR                              
0     00082ee6  _SD2_ISR                              
1     0000a890  _SDFM                                 
1     0000a878  _SPI                                  
0     00082edc  _SPIA_RX_ISR                          
0     00082ed2  _SPIA_TX_ISR                          
0     00082ec8  _SPIB_RX_ISR                          
0     00082ebe  _SPIB_TX_ISR                          
0     00082eb4  _SPIC_RX_ISR                          
0     00082eaa  _SPIC_TX_ISR                          
0     00083375  _STANDBY                              
0     00082ea0  _SYS_PLL_SLIP_ISR                     
1     00007200  _SciaRegs                             
1     00007210  _ScibRegs                             
1     00007220  _ScicRegs                             
1     00007230  _ScidRegs                             
1     00005e00  _Sdfm1Regs                            
1     00005e80  _Sdfm2Regs                            
0     00083363  _SeizeFlashPump                       
0     00083355  _ServiceDog                           
0     0008430f  _SetDBGIER                            
1     00006100  _SpiaRegs                             
1     00006110  _SpibRegs                             
1     00006120  _SpicRegs                             
1     00007940  _SyncSocRegs                          
0     0008334b  _SysIntOsc1Sel                        
0     00083341  _SysIntOsc2Sel                        
0     00083335  _SysXtalOscSel                        
0     00082e96  _TIMER0_ISR                           
0     00082e8c  _TIMER1_ISR                           
0     00082e82  _TIMER2_ISR                           
1     0000a800  _TRIP_SEL                             
0     00082e78  _UPPA_ISR                             
0     00082e6e  _USBA_ISR                             
0     00082e64  _USER10_ISR                           
0     00082e5a  _USER11_ISR                           
0     00082e50  _USER12_ISR                           
0     00082e46  _USER1_ISR                            
0     00082e3c  _USER2_ISR                            
0     00082e32  _USER3_ISR                            
0     00082e28  _USER4_ISR                            
0     00082e1e  _USER5_ISR                            
0     00082e14  _USER6_ISR                            
0     00082e0a  _USER7_ISR                            
0     00082e00  _USER8_ISR                            
0     00082df6  _USER9_ISR                            
1     00006200  _UppRegs                              
0     00082dec  _VCU_ISR                              
0     00082de2  _WAKE_ISR                             
1     00007000  _WdRegs                               
0     00082dd8  _XINT1_ISR                            
0     00082dce  _XINT2_ISR                            
0     00082dc4  _XINT3_ISR                            
0     00082dba  _XINT4_ISR                            
0     00082db0  _XINT5_ISR                            
1     00007920  _XbarRegs                             
1     00007070  _XintRegs                             
1     00000600  __STACK_END                           
abs   00000200  __STACK_SIZE                          
1     0000a898  ___TI_cleanup_ptr                     
1     0000a89a  ___TI_dtors_ptr                       
1     0000a896  ___TI_enable_exit_profile_output      
0     00084063  ___TI_ltoa                            
abs   ffffffff  ___TI_pprof_out_hndl                  
0     00082c1f  ___TI_printfi                         
abs   ffffffff  ___TI_prof_data_size                  
abs   ffffffff  ___TI_prof_data_start                 
abs   ffffffff  ___binit__                            
abs   ffffffff  ___c_args__                           
0     00082000  ___cinit__                            
abs   ffffffff  ___etext__                            
abs   ffffffff  ___pinit__                            
abs   ffffffff  ___text__                             
0     00084293  __args_main                           
0     000901c0  __ctypes_                             
1     0000a8a8  __lock                                
0     000842e8  __nop                                 
0     000842e4  __register_lock                       
0     000842e0  __register_unlock                     
1     00000400  __stack                               
0     00083fff  __system_post_cinit                   
0     00084312  __system_pre_init                     
1     0000a8aa  __unlock                              
0     00084111  _abort                                
0     00084032  _atoi                                 
0     00083f55  _c_int00                              
0     00084187  _copy_in                              
0     00084162  _copysignl                            
1     0000a869  _deviceOpen                           
1     0000a8af  _errno                                
0     00083a17  _error                                
0     00084113  _exit                                 
0     00083efb  _frexpl                               
1     0003fc00  _g_asIPCCPU1toCPU2Buffers             
0     0003f800  _g_asIPCCPU2toCPU1Buffers             
1     0003fc84  _g_usGetReadIndexes                   
0     0003f880  _g_usGetWriteIndexes                  
0     0003f884  _g_usPutReadIndexes                   
1     0003fc80  _g_usPutWriteIndexes                  
0     00083c1b  _ldexpl                               
0     000840e7  _ltoa                                 
0     000838c0  _main                                 
1     0000a8ac  _mawAdcMeasurements                   
0     000842b6  _memccpy                              
0     00084226  _memcpy                               
0     00084303  _memset                               
0     00083c1b  _scalbnl                              
0     000838ad  _scia_echoback_init                   
0     000838a5  _scia_fifo_init                       
0     0008389e  _scia_msg                             
0     00083897  _scia_xmit                            
0     00083bc9  _sevenSeg_clear                       
0     00083be4  _sevenSeg_init                        
1     0000a858  _sevenSeg_numberArray                 
0     00083b2b  _sevenSeg_readAck                     
0     00083b66  _sevenSeg_writeByte                   
0     00083b9f  _sevenSeg_writeDisco                  
0     00083b20  _sevenSeg_writeStart                  
0     00083b45  _sevenSeg_writeStop                   
0     00083b9a  _sevenSeg_writeTemp                   
0     0008388d  _spi_fifo_init                        
0     00083882  _spi_xmit                             
0     00084000  _sprintf                              
0     000842d4  _strchr                               
0     0008430a  _strcpy                               
0     000842fb  _strlen                               
1     0000a88e  _tempSensor_scaleFactor               
1     0000a88c  _tempSensor_tempOffset                
1     0000a88a  _tempSensor_tempSlope                 
0     000842f2  _wcslen                               
abs   ffffffff  binit                                 
0     00082000  cinit                                 
0     00080000  code_start                            
abs   ffffffff  etext                                 
abs   ffffffff  pinit                                 


GLOBAL SYMBOLS: SORTED BY Symbol Address 

page  address   name                                  
----  -------   ----                                  
0     00000ce0  _Cla1SoftIntRegs                      
0     00008000  _InitFlash                            
0     00008000  _RamfuncsRunStart                     
0     00008034  _FlashOff                             
0     00008048  _F28x_usDelay                         
0     0000804c  _RamfuncsRunEnd                       
0     0003f800  _g_asIPCCPU2toCPU1Buffers             
0     0003f880  _g_usGetWriteIndexes                  
0     0003f884  _g_usPutReadIndexes                   
0     00080000  code_start                            
0     00082000  ___cinit__                            
0     00082000  cinit                                 
0     00082c1f  ___TI_printfi                         
0     00082db0  _XINT5_ISR                            
0     00082dba  _XINT4_ISR                            
0     00082dc4  _XINT3_ISR                            
0     00082dce  _XINT2_ISR                            
0     00082dd8  _XINT1_ISR                            
0     00082de2  _WAKE_ISR                             
0     00082dec  _VCU_ISR                              
0     00082df6  _USER9_ISR                            
0     00082e00  _USER8_ISR                            
0     00082e0a  _USER7_ISR                            
0     00082e14  _USER6_ISR                            
0     00082e1e  _USER5_ISR                            
0     00082e28  _USER4_ISR                            
0     00082e32  _USER3_ISR                            
0     00082e3c  _USER2_ISR                            
0     00082e46  _USER1_ISR                            
0     00082e50  _USER12_ISR                           
0     00082e5a  _USER11_ISR                           
0     00082e64  _USER10_ISR                           
0     00082e6e  _USBA_ISR                             
0     00082e78  _UPPA_ISR                             
0     00082e82  _TIMER2_ISR                           
0     00082e8c  _TIMER1_ISR                           
0     00082e96  _TIMER0_ISR                           
0     00082ea0  _SYS_PLL_SLIP_ISR                     
0     00082eaa  _SPIC_TX_ISR                          
0     00082eb4  _SPIC_RX_ISR                          
0     00082ebe  _SPIB_TX_ISR                          
0     00082ec8  _SPIB_RX_ISR                          
0     00082ed2  _SPIA_TX_ISR                          
0     00082edc  _SPIA_RX_ISR                          
0     00082ee6  _SD2_ISR                              
0     00082ef0  _SD1_ISR                              
0     00082efa  _SCID_TX_ISR                          
0     00082f04  _SCID_RX_ISR                          
0     00082f0e  _SCIC_TX_ISR                          
0     00082f18  _SCIC_RX_ISR                          
0     00082f22  _SCIB_TX_ISR                          
0     00082f2c  _SCIB_RX_ISR                          
0     00082f36  _SCIA_TX_ISR                          
0     00082f40  _SCIA_RX_ISR                          
0     00082f4a  _RTOS_ISR                             
0     00082f54  _RAM_CORRECTABLE_ERROR_ISR            
0     00082f5e  _RAM_ACCESS_VIOLATION_ISR             
0     00082f68  _PIE_RESERVED_ISR                     
0     00082f72  _NOTUSED_ISR                          
0     00082f7c  _NMI_ISR                              
0     00082f86  _MCBSPB_TX_ISR                        
0     00082f90  _MCBSPB_RX_ISR                        
0     00082f9a  _MCBSPA_TX_ISR                        
0     00082fa4  _MCBSPA_RX_ISR                        
0     00082fae  _IPC3_ISR                             
0     00082fb8  _IPC2_ISR                             
0     00082fc2  _IPC1_ISR                             
0     00082fcc  _IPC0_ISR                             
0     00082fd6  _ILLEGAL_ISR                          
0     00082fe0  _I2CB_ISR                             
0     00082fea  _I2CB_FIFO_ISR                        
0     00082ff4  _I2CA_ISR                             
0     00082ffe  _I2CA_FIFO_ISR                        
0     00083008  _FPU_UNDERFLOW_ISR                    
0     00083012  _FPU_OVERFLOW_ISR                     
0     0008301c  _FLASH_CORRECTABLE_ERROR_ISR          
0     00083026  _EQEP3_ISR                            
0     00083030  _EQEP2_ISR                            
0     0008303a  _EQEP1_ISR                            
0     00083044  _EPWM9_TZ_ISR                         
0     0008304e  _EPWM9_ISR                            
0     00083058  _EPWM8_TZ_ISR                         
0     00083062  _EPWM8_ISR                            
0     0008306c  _EPWM7_TZ_ISR                         
0     00083076  _EPWM7_ISR                            
0     00083080  _EPWM6_TZ_ISR                         
0     0008308a  _EPWM6_ISR                            
0     00083094  _EPWM5_TZ_ISR                         
0     0008309e  _EPWM5_ISR                            
0     000830a8  _EPWM4_TZ_ISR                         
0     000830b2  _EPWM4_ISR                            
0     000830bc  _EPWM3_TZ_ISR                         
0     000830c6  _EPWM3_ISR                            
0     000830d0  _EPWM2_TZ_ISR                         
0     000830da  _EPWM2_ISR                            
0     000830e4  _EPWM1_TZ_ISR                         
0     000830ee  _EPWM1_ISR                            
0     000830f8  _EPWM12_TZ_ISR                        
0     00083102  _EPWM12_ISR                           
0     0008310c  _EPWM11_TZ_ISR                        
0     00083116  _EPWM11_ISR                           
0     00083120  _EPWM10_TZ_ISR                        
0     0008312a  _EPWM10_ISR                           
0     00083134  _EMU_ISR                              
0     0008313e  _EMPTY_ISR                            
0     0008314b  _EMIF_ERROR_ISR                       
0     00083155  _ECAP6_ISR                            
0     0008315f  _ECAP5_ISR                            
0     00083169  _ECAP4_ISR                            
0     00083173  _ECAP3_ISR                            
0     0008317d  _ECAP2_ISR                            
0     00083187  _ECAP1_ISR                            
0     00083191  _DMA_CH6_ISR                          
0     0008319b  _DMA_CH5_ISR                          
0     000831a5  _DMA_CH4_ISR                          
0     000831af  _DMA_CH3_ISR                          
0     000831b9  _DMA_CH2_ISR                          
0     000831c3  _DMA_CH1_ISR                          
0     000831cd  _DATALOG_ISR                          
0     000831d7  _CLA_UNDERFLOW_ISR                    
0     000831e1  _CLA_OVERFLOW_ISR                     
0     000831eb  _CLA1_8_ISR                           
0     000831f5  _CLA1_7_ISR                           
0     000831ff  _CLA1_6_ISR                           
0     00083209  _CLA1_5_ISR                           
0     00083213  _CLA1_4_ISR                           
0     0008321d  _CLA1_3_ISR                           
0     00083227  _CLA1_2_ISR                           
0     00083231  _CLA1_1_ISR                           
0     0008323b  _CANB1_ISR                            
0     00083245  _CANB0_ISR                            
0     0008324f  _CANA1_ISR                            
0     00083259  _CANA0_ISR                            
0     00083263  _AUX_PLL_SLIP_ISR                     
0     0008326d  _ADCD_EVT_ISR                         
0     00083277  _ADCD4_ISR                            
0     00083281  _ADCD3_ISR                            
0     0008328b  _ADCD2_ISR                            
0     00083295  _ADCD1_ISR                            
0     0008329f  _ADCC_EVT_ISR                         
0     000832a9  _ADCC4_ISR                            
0     000832b3  _ADCC3_ISR                            
0     000832bd  _ADCC2_ISR                            
0     000832c7  _ADCC1_ISR                            
0     000832d1  _ADCB_EVT_ISR                         
0     000832db  _ADCB4_ISR                            
0     000832e5  _ADCB3_ISR                            
0     000832ef  _ADCB2_ISR                            
0     000832f9  _ADCB1_ISR                            
0     00083303  _ADCA_EVT_ISR                         
0     0008330d  _ADCA4_ISR                            
0     00083317  _ADCA3_ISR                            
0     00083321  _ADCA2_ISR                            
0     0008332b  _ADCA1_ISR                            
0     00083335  _SysXtalOscSel                        
0     00083341  _SysIntOsc2Sel                        
0     0008334b  _SysIntOsc1Sel                        
0     00083355  _ServiceDog                           
0     00083363  _SeizeFlashPump                       
0     00083375  _STANDBY                              
0     00083380  _ReleaseFlashPump                     
0     0008338a  _InitSysPll                           
0     00083449  _DisableDog                           
0     00083456  _InitPeripheralClocks                 
0     000834ff  _InitSysCtrl                          
0     00083543  _AuxAuxClkSel                         
0     0008354d  _AuxXtalOscSel                        
0     0008355e  _AuxIntOsc2Sel                        
0     0008356b  _InitAuxPll                           
0     00083637  _IDLE                                 
0     00083640  _DisablePeripheralClocks              
0     0008365e  _HIB                                  
0     0008367d  _HALT                                 
0     00083696  _CsmUnlock                            
0     000836b7  _InitGpio                             
0     000836e7  _GPIO_WritePin                        
0     00083701  _GPIO_SetupXINT5Gpio                  
0     00083708  _GPIO_SetupXINT4Gpio                  
0     0008370f  _GPIO_SetupXINT3Gpio                  
0     00083716  _GPIO_SetupXINT2Gpio                  
0     0008371d  _GPIO_SetupXINT1Gpio                  
0     00083724  _GPIO_SetupPinOptions                 
0     000837a9  _GPIO_SetupPinMux                     
0     000837fe  _GPIO_SetupLock                       
0     00083820  _GPIO_ReadPin                         
0     00083834  _GPIO_EnableUnbondedIOPullupsFor176Pin
0     0008384d  _GPIO_EnableUnbondedIOPullupsFor100Pin
0     00083872  _GPIO_EnableUnbondedIOPullups         
0     00083882  _spi_xmit                             
0     0008388d  _spi_fifo_init                        
0     00083897  _scia_xmit                            
0     0008389e  _scia_msg                             
0     000838a5  _scia_fifo_init                       
0     000838ad  _scia_echoback_init                   
0     000838c0  _main                                 
0     00083a17  _error                                
0     00083a19  LL$$DIV                               
0     00083a55  LL$$MOD                               
0     00083a8f  ULL$$DIV                              
0     00083abe  ULL$$MOD                              
0     00083b20  _sevenSeg_writeStart                  
0     00083b2b  _sevenSeg_readAck                     
0     00083b45  _sevenSeg_writeStop                   
0     00083b66  _sevenSeg_writeByte                   
0     00083b9a  _sevenSeg_writeTemp                   
0     00083b9f  _sevenSeg_writeDisco                  
0     00083bc9  _sevenSeg_clear                       
0     00083be4  _sevenSeg_init                        
0     00083c1b  _ldexpl                               
0     00083c1b  _scalbnl                              
0     00083cc9  FD$$ADD                               
0     00083d65  FD$$DIV                               
0     00083df0  FS$$DIV                               
0     00083e78  FD$$MPY                               
0     00083efb  _frexpl                               
0     00083f55  _c_int00                              
0     00083fab  _InitSpiGpio                          
0     00083fab  _InitSpiaGpio                         
0     00083fdf  _InitSpi                              
0     00083fff  __system_post_cinit                   
0     00084000  _sprintf                              
0     00084032  _atoi                                 
0     00084063  ___TI_ltoa                            
0     00084093  FD$$CMP                               
0     000840bd  L$$DIV                                
0     000840cc  L$$MOD                                
0     000840da  UL$$DIV                               
0     000840e1  UL$$MOD                               
0     000840e7  _ltoa                                 
0     00084111  C$$EXIT                               
0     00084111  _abort                                
0     00084113  _exit                                 
0     0008413a  _InitPieCtrl                          
0     00084159  _EnableInterrupts                     
0     00084162  _copysignl                            
0     00084187  _copy_in                              
0     000841ab  FD$$TOI                               
0     000841cc  FD$$TOL                               
0     000841eb  LL$$CMP                               
0     000841fd  ULL$$CMP                              
0     00084209  I$$TOFD                               
0     00084226  _memcpy                               
0     00084243  FS$$TOFD                              
0     0008425f  L$$TOFD                               
0     0008427b  LL$$AND                               
0     00084283  LL$$OR                                
0     0008428b  LL$$XOR                               
0     00084293  __args_main                           
0     000842a5  _InitPieVectTable                     
0     000842b6  _memccpy                              
0     000842c6  FD$$SUB                               
0     000842d4  _strchr                               
0     000842e0  __register_unlock                     
0     000842e4  __register_lock                       
0     000842e8  __nop                                 
0     000842e9  FD$$NEG                               
0     000842f2  _wcslen                               
0     000842fb  _strlen                               
0     00084303  _memset                               
0     0008430a  _strcpy                               
0     0008430f  _SetDBGIER                            
0     00084312  __system_pre_init                     
0     00086000  _RamfuncsLoadStart                    
0     0008604c  _RamfuncsLoadEnd                      
0     00090000  _PieVectTableInit                     
0     000901c0  __ctypes_                             
1     00000400  __stack                               
1     00000600  __STACK_END                           
1     00000b00  _AdcaResultRegs                       
1     00000b20  _AdcbResultRegs                       
1     00000b40  _AdccResultRegs                       
1     00000b60  _AdcdResultRegs                       
1     00000c00  _CpuTimer0Regs                        
1     00000c08  _CpuTimer1Regs                        
1     00000c10  _CpuTimer2Regs                        
1     00000ce0  _PieCtrlRegs                          
1     00000d00  _EmuKey                               
1     00000d00  _PieVectTable                         
1     00000d01  _EmuBMode                             
1     00001000  _DmaRegs                              
1     00001400  _Cla1Regs                             
1     00004000  _EPwm1Regs                            
1     00004100  _EPwm2Regs                            
1     00004200  _EPwm3Regs                            
1     00004300  _EPwm4Regs                            
1     00004400  _EPwm5Regs                            
1     00004500  _EPwm6Regs                            
1     00004600  _EPwm7Regs                            
1     00004700  _EPwm8Regs                            
1     00004800  _EPwm9Regs                            
1     00004900  _EPwm10Regs                           
1     00004a00  _EPwm11Regs                           
1     00004b00  _EPwm12Regs                           
1     00005000  _ECap1Regs                            
1     00005020  _ECap2Regs                            
1     00005040  _ECap3Regs                            
1     00005060  _ECap4Regs                            
1     00005080  _ECap5Regs                            
1     000050a0  _ECap6Regs                            
1     00005100  _EQep1Regs                            
1     00005140  _EQep2Regs                            
1     00005180  _EQep3Regs                            
1     00005c00  _DacaRegs                             
1     00005c10  _DacbRegs                             
1     00005c20  _DaccRegs                             
1     00005c80  _Cmpss1Regs                           
1     00005ca0  _Cmpss2Regs                           
1     00005cc0  _Cmpss3Regs                           
1     00005ce0  _Cmpss4Regs                           
1     00005d00  _Cmpss5Regs                           
1     00005d20  _Cmpss6Regs                           
1     00005d40  _Cmpss7Regs                           
1     00005d60  _Cmpss8Regs                           
1     00005e00  _Sdfm1Regs                            
1     00005e80  _Sdfm2Regs                            
1     00006000  _McbspaRegs                           
1     00006040  _McbspbRegs                           
1     00006100  _SpiaRegs                             
1     00006110  _SpibRegs                             
1     00006120  _SpicRegs                             
1     00006200  _UppRegs                              
1     00007000  _WdRegs                               
1     00007060  _NmiIntruptRegs                       
1     00007070  _XintRegs                             
1     00007200  _SciaRegs                             
1     00007210  _ScibRegs                             
1     00007220  _ScicRegs                             
1     00007230  _ScidRegs                             
1     00007300  _I2caRegs                             
1     00007340  _I2cbRegs                             
1     00007400  _AdcaRegs                             
1     00007480  _AdcbRegs                             
1     00007500  _AdccRegs                             
1     00007580  _AdcdRegs                             
1     00007900  _InputXbarRegs                        
1     00007920  _XbarRegs                             
1     00007940  _SyncSocRegs                          
1     00007980  _DmaClaSrcSelRegs                     
1     00007a00  _EPwmXbarRegs                         
1     00007a80  _OutputXbarRegs                       
1     00007c00  _GpioCtrlRegs                         
1     00007f00  _GpioDataRegs                         
1     0000a800  _TRIP_SEL                             
1     0000a81e  _EPWM                                 
1     0000a838  _EQEP                                 
1     0000a840  _CpuTimer0                            
1     0000a848  _CpuTimer1                            
1     0000a850  _CpuTimer2                            
1     0000a858  _sevenSeg_numberArray                 
1     0000a869  _deviceOpen                           
1     0000a86a  _ECAP                                 
1     0000a878  _SPI                                  
1     0000a880  _ADC                                  
1     0000a88a  _tempSensor_tempSlope                 
1     0000a88c  _tempSensor_tempOffset                
1     0000a88e  _tempSensor_scaleFactor               
1     0000a890  _SDFM                                 
1     0000a896  ___TI_enable_exit_profile_output      
1     0000a898  ___TI_cleanup_ptr                     
1     0000a89a  ___TI_dtors_ptr                       
1     0000a89c  _I2C                                  
1     0000a8a0  _MCBSP                                
1     0000a8a4  _SCI                                  
1     0000a8a8  __lock                                
1     0000a8aa  __unlock                              
1     0000a8ac  _mawAdcMeasurements                   
1     0000a8ae  _LoopCount                            
1     0000a8af  _errno                                
1     0003fc00  _g_asIPCCPU1toCPU2Buffers             
1     0003fc80  _g_usPutWriteIndexes                  
1     0003fc84  _g_usGetReadIndexes                   
1     00047000  _Emif1Regs                            
1     00047800  _Emif2Regs                            
1     00048000  _CanaRegs                             
1     0004a000  _CanbRegs                             
1     00050000  _IpcRegs                              
1     00050024  _FlashPumpSemaphoreRegs               
1     0005d000  _DevCfgRegs                           
1     0005d180  _AnalogSubsysRegs                     
1     0005d200  _ClkCfgRegs                           
1     0005d300  _CpuSysRegs                           
1     0005e608  _RomPrefetchRegs                      
1     0005f000  _DcsmZ1Regs                           
1     0005f040  _DcsmZ2Regs                           
1     0005f070  _DcsmCommonRegs                       
1     0005f400  _MemCfgRegs                           
1     0005f480  _Emif1ConfigRegs                      
1     0005f4a0  _Emif2ConfigRegs                      
1     0005f4c0  _AccessProtectionRegs                 
1     0005f500  _MemoryErrorRegs                      
1     0005f540  _RomWaitStateRegs                     
1     0005f800  _Flash0CtrlRegs                       
1     0005fb00  _Flash0EccRegs                        
1     00078000  _DcsmZ1Otp                            
1     00078200  _DcsmZ2Otp                            
abs   0000004c  _RamfuncsLoadSize                     
abs   0000004c  _RamfuncsRunSize                      
abs   00000200  __STACK_SIZE                          
abs   ffffffff  .text                                 
abs   ffffffff  ___TI_pprof_out_hndl                  
abs   ffffffff  ___TI_prof_data_size                  
abs   ffffffff  ___TI_prof_data_start                 
abs   ffffffff  ___binit__                            
abs   ffffffff  ___c_args__                           
abs   ffffffff  ___etext__                            
abs   ffffffff  ___pinit__                            
abs   ffffffff  ___text__                             
abs   ffffffff  binit                                 
abs   ffffffff  etext                                 
abs   ffffffff  pinit                                 

[410 symbols]
